Component: ARM Compiler 5.06 update 7 (build 960) Tool: armlink [4d3601]

==============================================================================

Section Cross References

    system_da14531.o(.text) refers to system_da14531.o(.data) for .data
    system_da14531.o(.text) refers to otp_cs.o(otp_cs_booter) for booter_val
    startup_da14531.o(RESET) refers to startup_da14531.o(STACK) for __initial_sp
    startup_da14531.o(RESET) refers to startup_da14531.o(.text) for Reset_Handler
    startup_da14531.o(RESET) refers to eventrecorder.o(.text) for SysTick_Handler
    startup_da14531.o(RESET) refers to rwble.o(.text) for BLE_WAKEUP_LP_Handler
    startup_da14531.o(RESET) refers to uart.o(.text) for UART2_Handler
    startup_da14531.o(RESET) refers to i2c.o(.text) for I2C_Handler
    startup_da14531.o(RESET) refers to adc_531.o(.text) for ADC_Handler
    startup_da14531.o(RESET) refers to gpio.o(.text) for GPIO0_Handler
    startup_da14531.o(RESET) refers to wkupct_quadec.o(.text) for WKUP_QUADEC_Handler
    startup_da14531.o(.text) refers to system_da14531.o(.text) for SystemInit
    startup_da14531.o(.text) refers to entry.o(.ARM.Collect$$$$00000000) for __main
    startup_da14531.o(.text) refers to nmi_handler.o(.text) for NMI_HandlerC
    startup_da14531.o(.text) refers to hardfault_handler.o(.text) for HardFault_HandlerC
    hardfault_handler.o(.text) refers to syscntl.o(.text) for syscntl_dcdc_set_level
    nmi_handler.o(.text) refers to syscntl.o(.text) for syscntl_dcdc_set_level
    arch_console.o(.text) refers to uart.o(.text) for uart_register_tx_cb
    arch_console.o(.constdata) refers to arch_console.o(.bss) for current_msg_buffer
    arch_console.o(.constdata) refers to arch_console.o(retention_mem_area0) for current_msg_offset
    arch_console.o(.constdata) refers to arch_console.o(retention_mem_area0) for uart_busy
    arch_console.o(.constdata) refers to arch_console.o(retention_mem_area0) for printf_msg_list
    arch_console.o(.constdata) refers to arch_console.o(retention_mem_area0) for defer_sending
    arch_console.o(.constdata) refers to arch_console.o(.text) for uart_write_adapt
    arch_console.o(.constdata) refers to arch_sleep.o(.text) for arch_restore_sleep_mode
    nvds.o(.constdata) refers to nvds.o(.constdata) for nvds_data_storage
    nvds.o(.constdata) refers to arch_system.o(retention_mem_area0) for dev_bdaddr
    arch_main.o(.text) refers to arch_system.o(.text) for system_init
    arch_main.o(.text) refers to rwip.o(.text) for rwip_sleep
    arch_main.o(.text) refers to arch_sleep.o(.text) for arch_get_sleep_mode
    arch_main.o(.text) refers to user_periph_setup.o(.text) for periph_init
    arch_main.o(.text) refers to hw_otpc_531.o(.text) for hw_otpc_init
    arch_main.o(.text) refers (Weak) to hw_otpc_531.o(.text) for hw_otpc_clear_dcdc_reserved
    arch_main.o(.text) refers to syscntl.o(.text) for syscntl_dcdc_set_level
    arch_main.o(.text) refers to rwble.o(retention_mem_area0) for arch_rwble_last_event
    arch_main.o(.text) refers to otp_cs.o(otp_cs_booter) for booter_val
    arch_main.o(.text) refers to arch_main.o(retention_mem_area0) for retention_mem_area0
    arch_main.o(.constdata) refers to app_default_handlers.o(.text) for default_app_on_init
    jump_table.o(.constdata) refers to ble_arp.o(.text) for rf_init_func
    jump_table.o(.constdata) refers to jump_table.o(.text) for platform_reset_func
    jump_table.o(.constdata) refers to rwble.o(.text) for lld_sleep_compensate_func
    jump_table.o(.constdata) refers to arch_system.o(.text) for lld_sleep_init_func
    jump_table.o(.constdata) refers to patch.o(.text) for JT_lld_test_mode_rx_func
    jump_table.o(.constdata) refers to prf.o(.text) for prf_init_func
    jump_table.o(.constdata) refers to jump_table.o(heap_mem_area_not_ret) for rwip_heap_non_ret
    jump_table.o(.constdata) refers to jump_table.o(heap_env_area) for rwip_heap_env_ret
    jump_table.o(.constdata) refers to jump_table.o(heap_db_area) for rwip_heap_db_ret
    jump_table.o(.constdata) refers to jump_table.o(heap_msg_area) for rwip_heap_msg_ret
    jump_table.o(.constdata) refers to nvds.o(.constdata) for rom_nvds_cfg
    jump_table.o(.constdata) refers to prf.o(.constdata) for rom_prf_cfg
    jump_table.o(.constdata) refers to app_entry_point.o(.constdata) for rom_app_task_cfg
    jump_table.o(.constdata) refers to arch_console.o(.constdata) for rom_console_cfg
    arch_sleep.o(.text) refers to arch_sleep.o(retention_mem_area0) for retention_mem_area0
    arch_sleep.o(.text) refers to arch_sleep.o(retention_mem_area0) for retention_mem_area0
    arch_sleep.o(.text) refers to arch_sleep.o(retention_mem_area0) for retention_mem_area0
    arch_sleep.o(.text) refers to rwble.o(retention_mem_area0) for arch_rwble_last_event
    arch_system.o(.text) refers to arch_system.o(i.__ARM_common_ll_muluu) for __ARM_common_ll_muluu
    arch_system.o(.text) refers to otp_cs.o(.text) for otp_cs_get_xtal_wait_trim
[...]
    ke_event_schedule                        0x07f1c66d   Thumb Code     0  da14531_symbols.txt ABSOLUTE
    ke_mem_init                              0x07f1c6bd   Thumb Code     0  da14531_symbols.txt ABSOLUTE
    ke_mem_is_empty                          0x07f1c709   Thumb Code     0  da14531_symbols.txt ABSOLUTE
    ke_check_malloc                          0x07f1c749   Thumb Code     0  da14531_symbols.txt ABSOLUTE
    ke_malloc                                0x07f1c7d9   Thumb Code     0  da14531_symbols.txt ABSOLUTE
    ke_free                                  0x07f1c8cf   Thumb Code     0  da14531_symbols.txt ABSOLUTE
    ke_is_free                               0x07f1c9b1   Thumb Code     0  da14531_symbols.txt ABSOLUTE
    ke_get_mem_usage                         0x07f1c9c3   Thumb Code     0  da14531_symbols.txt ABSOLUTE
    ke_get_max_mem_usage                     0x07f1c9cf   Thumb Code     0  da14531_symbols.txt ABSOLUTE
    ke_msg_alloc                             0x07f1c9f5   Thumb Code     0  da14531_symbols.txt ABSOLUTE
    ke_msg_send                              0x07f1ca2b   Thumb Code     0  da14531_symbols.txt ABSOLUTE
    ke_msg_send_basic                        0x07f1ca57   Thumb Code     0  da14531_symbols.txt ABSOLUTE
    ke_msg_forward                           0x07f1ca65   Thumb Code     0  da14531_symbols.txt ABSOLUTE
    ke_msg_forward_new_id                    0x07f1ca6f   Thumb Code     0  da14531_symbols.txt ABSOLUTE
    ke_msg_free                              0x07f1ca7f   Thumb Code     0  da14531_symbols.txt ABSOLUTE
    ke_msg_dest_id_get                       0x07f1ca87   Thumb Code     0  da14531_symbols.txt ABSOLUTE
    ke_msg_src_id_get                        0x07f1ca8d   Thumb Code     0  da14531_symbols.txt ABSOLUTE
    ke_msg_in_queue                          0x07f1ca93   Thumb Code     0  da14531_symbols.txt ABSOLUTE
    ke_queue_extract                         0x07f1caa5   Thumb Code     0  da14531_symbols.txt ABSOLUTE
    ke_queue_insert                          0x07f1caf5   Thumb Code     0  da14531_symbols.txt ABSOLUTE
    ke_task_init_func                        0x07f1cddf   Thumb Code     0  da14531_symbols.txt ABSOLUTE
    ke_task_create                           0x07f1cdf3   Thumb Code     0  da14531_symbols.txt ABSOLUTE
    ke_task_delete                           0x07f1ce2b   Thumb Code     0  da14531_symbols.txt ABSOLUTE
    ke_state_set                             0x07f1ce57   Thumb Code     0  da14531_symbols.txt ABSOLUTE
    ke_state_get                             0x07f1ce81   Thumb Code     0  da14531_symbols.txt ABSOLUTE
    ke_msg_discard                           0x07f1ce9f   Thumb Code     0  da14531_symbols.txt ABSOLUTE
    ke_msg_save                              0x07f1cea3   Thumb Code     0  da14531_symbols.txt ABSOLUTE
    ke_task_msg_flush                        0x07f1cea7   Thumb Code     0  da14531_symbols.txt ABSOLUTE
    ke_timer_init_func                       0x07f1d067   Thumb Code     0  da14531_symbols.txt ABSOLUTE
    ke_timer_set                             0x07f1d073   Thumb Code     0  da14531_symbols.txt ABSOLUTE
    ke_timer_clear                           0x07f1d107   Thumb Code     0  da14531_symbols.txt ABSOLUTE
    ke_timer_active                          0x07f1d15d   Thumb Code     0  da14531_symbols.txt ABSOLUTE
    ke_timer_sleep_check                     0x07f1d183   Thumb Code     0  da14531_symbols.txt ABSOLUTE
    rwble_hl_init                            0x07f1d289   Thumb Code     0  da14531_symbols.txt ABSOLUTE
    rwble_hl_reset                           0x07f1d2ab   Thumb Code     0  da14531_symbols.txt ABSOLUTE
    rwble_hl_send_message                    0x07f1d2cd   Thumb Code     0  da14531_symbols.txt ABSOLUTE
    rwip_check_wakeup_boundary               0x07f1d2d1   Thumb Code     0  da14531_symbols.txt ABSOLUTE
    rwip_init                                0x07f1d2f7   Thumb Code     0  da14531_symbols.txt ABSOLUTE
    rwip_reset                               0x07f1d3bb   Thumb Code     0  da14531_symbols.txt ABSOLUTE
    rwip_version                             0x07f1d3f3   Thumb Code     0  da14531_symbols.txt ABSOLUTE
    rwip_schedule                            0x07f1d3fb   Thumb Code     0  da14531_symbols.txt ABSOLUTE
    rwip_prevent_sleep_set                   0x07f1d4a7   Thumb Code     0  da14531_symbols.txt ABSOLUTE
    rwip_wakeup                              0x07f1d4c9   Thumb Code     0  da14531_symbols.txt ABSOLUTE
    rwip_prevent_sleep_clear                 0x07f1d4df   Thumb Code     0  da14531_symbols.txt ABSOLUTE
    rwip_wakeup_end                          0x07f1d501   Thumb Code     0  da14531_symbols.txt ABSOLUTE
    rwip_wakeup_delay_set                    0x07f1d51d   Thumb Code     0  da14531_symbols.txt ABSOLUTE
    rwip_sleep_enable                        0x07f1d52b   Thumb Code     0  da14531_symbols.txt ABSOLUTE
    rwip_ext_wakeup_enable                   0x07f1d531   Thumb Code     0  da14531_symbols.txt ABSOLUTE
    rwble_init                               0x07f1d555   Thumb Code     0  da14531_symbols.txt ABSOLUTE
    rwble_reset                              0x07f1d5bb   Thumb Code     0  da14531_symbols.txt ABSOLUTE
    rwble_version                            0x07f1d5ef   Thumb Code     0  da14531_symbols.txt ABSOLUTE
    rwble_send_message                       0x07f1d61b   Thumb Code     0  da14531_symbols.txt ABSOLUTE
    YieldToScheduler                         0x07f1d725   Thumb Code     0  da14531_symbols.txt ABSOLUTE
    xorshift64star                           0x07f1d72d   Thumb Code     0  da14531_symbols.txt ABSOLUTE
    uECC_set_rng                             0x07f1d793   Thumb Code     0  da14531_symbols.txt ABSOLUTE
    uECC_get_rng                             0x07f1d799   Thumb Code     0  da14531_symbols.txt ABSOLUTE
    uECC_curve_private_key_size              0x07f1d79f   Thumb Code     0  da14531_symbols.txt ABSOLUTE
    uECC_curve_public_key_size               0x07f1d7af   Thumb Code     0  da14531_symbols.txt ABSOLUTE
    uECC_vli_clear                           0x07f1d7b7   Thumb Code     0  da14531_symbols.txt ABSOLUTE
    uECC_vli_isZero                          0x07f1d7cd   Thumb Code     0  da14531_symbols.txt ABSOLUTE
    uECC_vli_testBit                         0x07f1d7ef   Thumb Code     0  da14531_symbols.txt ABSOLUTE
    uECC_vli_numBits                         0x07f1d801   Thumb Code     0  da14531_symbols.txt ABSOLUTE
    uECC_vli_set                             0x07f1d83b   Thumb Code     0  da14531_symbols.txt ABSOLUTE
    uECC_vli_equal                           0x07f1d879   Thumb Code     0  da14531_symbols.txt ABSOLUTE
    uECC_vli_cmp                             0x07f1d89d   Thumb Code     0  da14531_symbols.txt ABSOLUTE
    uECC_vli_rshift1                         0x07f1d8d3   Thumb Code     0  da14531_symbols.txt ABSOLUTE
    uECC_vli_square                          0x07f1d8f1   Thumb Code     0  da14531_symbols.txt ABSOLUTE
    uECC_vli_modAdd                          0x07f1d8fd   Thumb Code     0  da14531_symbols.txt ABSOLUTE
    uECC_vli_modSub                          0x07f1d92b   Thumb Code     0  da14531_symbols.txt ABSOLUTE
    uECC_vli_mmod                            0x07f1d94b   Thumb Code     0  da14531_symbols.txt ABSOLUTE
    uECC_vli_modMult                         0x07f1da55   Thumb Code     0  da14531_symbols.txt ABSOLUTE
    uECC_vli_modMult_fast                    0x07f1da77   Thumb Code     0  da14531_symbols.txt ABSOLUTE
    uECC_vli_modSquare                       0x07f1da97   Thumb Code     0  da14531_symbols.txt ABSOLUTE
    uECC_vli_modSquare_fast                  0x07f1daa5   Thumb Code     0  da14531_symbols.txt ABSOLUTE
    uECC_vli_modInv                          0x07f1dae5   Thumb Code     0  da14531_symbols.txt ABSOLUTE
    uECC_secp256r1                           0x07f1de21   Thumb Code     0  da14531_symbols.txt ABSOLUTE
    uECC_vli_nativeToBytes                   0x07f1e41f   Thumb Code     0  da14531_symbols.txt ABSOLUTE
    uECC_vli_bytesToNative                   0x07f1e441   Thumb Code     0  da14531_symbols.txt ABSOLUTE
    uECC_generate_random_int                 0x07f1e47f   Thumb Code     0  da14531_symbols.txt ABSOLUTE
    uECC_make_key                            0x07f1e4e1   Thumb Code     0  da14531_symbols.txt ABSOLUTE
    uECC_shared_secret                       0x07f1e55f   Thumb Code     0  da14531_symbols.txt ABSOLUTE
    uECC_compress                            0x07f1e61b   Thumb Code     0  da14531_symbols.txt ABSOLUTE
    uECC_decompress                          0x07f1e649   Thumb Code     0  da14531_symbols.txt ABSOLUTE
    uECC_valid_point                         0x07f1e6b9   Thumb Code     0  da14531_symbols.txt ABSOLUTE
    uECC_valid_public_key                    0x07f1e71b   Thumb Code     0  da14531_symbols.txt ABSOLUTE
    uECC_compute_public_key                  0x07f1e74f   Thumb Code     0  da14531_symbols.txt ABSOLUTE
    uECC_sign                                0x07f1e9d5   Thumb Code     0  da14531_symbols.txt ABSOLUTE
    uECC_sign_deterministic                  0x07f1eabb   Thumb Code     0  da14531_symbols.txt ABSOLUTE
    uECC_verify                              0x07f1ec29   Thumb Code     0  da14531_symbols.txt ABSOLUTE
    uECC_curve_num_words                     0x07f1eed5   Thumb Code     0  da14531_symbols.txt ABSOLUTE
    uECC_curve_num_bytes                     0x07f1eedd   Thumb Code     0  da14531_symbols.txt ABSOLUTE
    uECC_curve_num_bits                      0x07f1eee5   Thumb Code     0  da14531_symbols.txt ABSOLUTE
    uECC_curve_num_n_words                   0x07f1eeed   Thumb Code     0  da14531_symbols.txt ABSOLUTE
    uECC_curve_num_n_bytes                   0x07f1eefd   Thumb Code     0  da14531_symbols.txt ABSOLUTE
    uECC_curve_num_n_bits                    0x07f1ef0d   Thumb Code     0  da14531_symbols.txt ABSOLUTE
    uECC_curve_p                             0x07f1ef15   Thumb Code     0  da14531_symbols.txt ABSOLUTE
    uECC_curve_n                             0x07f1ef19   Thumb Code     0  da14531_symbols.txt ABSOLUTE
    uECC_curve_G                             0x07f1ef1d   Thumb Code     0  da14531_symbols.txt ABSOLUTE
    uECC_curve_b                             0x07f1ef21   Thumb Code     0  da14531_symbols.txt ABSOLUTE
    uECC_vli_mod_sqrt                        0x07f1ef25   Thumb Code     0  da14531_symbols.txt ABSOLUTE
    uECC_vli_mmod_fast                       0x07f1ef2b   Thumb Code     0  da14531_symbols.txt ABSOLUTE
    uECC_point_mult                          0x07f1ef31   Thumb Code     0  da14531_symbols.txt ABSOLUTE
    __aeabi_uidiv                            0x07f1f005   Thumb Code     0  da14531_symbols.txt ABSOLUTE
    __aeabi_uidivmod                         0x07f1f005   Thumb Code     0  da14531_symbols.txt ABSOLUTE
    __aeabi_idiv                             0x07f1f031   Thumb Code     0  da14531_symbols.txt ABSOLUTE
    __aeabi_idivmod                          0x07f1f031   Thumb Code     0  da14531_symbols.txt ABSOLUTE
    __aeabi_lmul                             0x07f1f059   Thumb Code     0  da14531_symbols.txt ABSOLUTE
    _ll_mul                                  0x07f1f059   Thumb Code     0  da14531_symbols.txt ABSOLUTE
    rand                                     0x07f1f0d5   Thumb Code     0  da14531_symbols.txt ABSOLUTE
    srand                                    0x07f1f0e7   Thumb Code     0  da14531_symbols.txt ABSOLUTE
    __aeabi_memcpy                           0x07f1f0f9   Thumb Code     0  da14531_symbols.txt ABSOLUTE
    __aeabi_memcpy4                          0x07f1f0f9   Thumb Code     0  da14531_symbols.txt ABSOLUTE
    __aeabi_memcpy8                          0x07f1f0f9   Thumb Code     0  da14531_symbols.txt ABSOLUTE
    __aeabi_memset                           0x07f1f11d   Thumb Code     0  da14531_symbols.txt ABSOLUTE
    __aeabi_memset4                          0x07f1f11d   Thumb Code     0  da14531_symbols.txt ABSOLUTE
    __aeabi_memset8                          0x07f1f11d   Thumb Code     0  da14531_symbols.txt ABSOLUTE
    __aeabi_memclr                           0x07f1f12b   Thumb Code     0  da14531_symbols.txt ABSOLUTE
    __aeabi_memclr4                          0x07f1f12b   Thumb Code     0  da14531_symbols.txt ABSOLUTE
    __aeabi_memclr8                          0x07f1f12b   Thumb Code     0  da14531_symbols.txt ABSOLUTE
    _memset$wrapper                          0x07f1f12f   Thumb Code     0  da14531_symbols.txt ABSOLUTE
    memcmp                                   0x07f1f141   Thumb Code     0  da14531_symbols.txt ABSOLUTE
    __aeabi_uread4                           0x07f1f15b   Thumb Code     0  da14531_symbols.txt ABSOLUTE
    __rt_uread4                              0x07f1f15b   Thumb Code     0  da14531_symbols.txt ABSOLUTE
    _uread4                                  0x07f1f15b   Thumb Code     0  da14531_symbols.txt ABSOLUTE
    __aeabi_uwrite4                          0x07f1f16f   Thumb Code     0  da14531_symbols.txt ABSOLUTE
    __rt_uwrite4                             0x07f1f16f   Thumb Code     0  da14531_symbols.txt ABSOLUTE
    _uwrite4                                 0x07f1f16f   Thumb Code     0  da14531_symbols.txt ABSOLUTE
    __aeabi_llsl                             0x07f1f181   Thumb Code     0  da14531_symbols.txt ABSOLUTE
    _ll_shift_l                              0x07f1f181   Thumb Code     0  da14531_symbols.txt ABSOLUTE
    __ARM_common_switch8                     0x07f1f1a1   Thumb Code     0  da14531_symbols.txt ABSOLUTE
    uart_api                                 0x07f1f1bc   Data           0  da14531_symbols.txt ABSOLUTE
    co_sca2ppm                               0x07f1f1cc   Data           0  da14531_symbols.txt ABSOLUTE
    co_null_bdaddr                           0x07f1f1dc   Data           0  da14531_symbols.txt ABSOLUTE
    co_default_bdaddr                        0x07f1f1e2   Data           0  da14531_symbols.txt ABSOLUTE
    llc_state_handler                        0x07f1f468   Data           0  da14531_symbols.txt ABSOLUTE
    llc_default_handler                      0x07f1f538   Data           0  da14531_symbols.txt ABSOLUTE
    llm_dflt_bdaddr                          0x07f1f550   Data           0  da14531_symbols.txt ABSOLUTE
    llm_debug_private_key                    0x07f1f556   Data           0  da14531_symbols.txt ABSOLUTE
    llm_local_le_states                      0x07f1f588   Data           0  da14531_symbols.txt ABSOLUTE
    llm_state_handler                        0x07f1f770   Data           0  da14531_symbols.txt ABSOLUTE
    llm_default_handler                      0x07f1f7a0   Data           0  da14531_symbols.txt ABSOLUTE
    LLM_AA_CT1                               0x07f1f7a8   Data           0  da14531_symbols.txt ABSOLUTE
    LLM_AA_CT2                               0x07f1f7ab   Data           0  da14531_symbols.txt ABSOLUTE
    ecc_p256_G                               0x07f1f7ad   Data           0  da14531_symbols.txt ABSOLUTE
    gtl_default_state                        0x07f1f800   Data           0  da14531_symbols.txt ABSOLUTE
    gtl_default_handler                      0x07f1f808   Data           0  da14531_symbols.txt ABSOLUTE
    hci_cmd_desc_tab_lk_ctrl                 0x07f1f814   Data           0  da14531_symbols.txt ABSOLUTE
    hci_cmd_desc_tab_ctrl_bb                 0x07f1f838   Data           0  da14531_symbols.txt ABSOLUTE
    hci_cmd_desc_tab_info_par                0x07f1f8b0   Data           0  da14531_symbols.txt ABSOLUTE
    hci_cmd_desc_tab_stat_par                0x07f1f8e0   Data           0  da14531_symbols.txt ABSOLUTE
    hci_cmd_desc_tab_le                      0x07f1f8ec   Data           0  da14531_symbols.txt ABSOLUTE
    hci_cmd_desc_tab_vs                      0x07f1fb38   Data           0  da14531_symbols.txt ABSOLUTE
    rom_hci_cmd_desc_root_tab                0x07f1fc7c   Data           0  da14531_symbols.txt ABSOLUTE
    hci_evt_desc_tab                         0x07f1fcac   Data           0  da14531_symbols.txt ABSOLUTE
    hci_evt_le_desc_tab                      0x07f1fcf4   Data           0  da14531_symbols.txt ABSOLUTE
    attc_handlers                            0x07f1fd64   Data           0  da14531_symbols.txt ABSOLUTE
    atts_handlers                            0x07f1fdd4   Data           0  da14531_symbols.txt ABSOLUTE
    gattc_default_state                      0x07f1fe54   Data           0  da14531_symbols.txt ABSOLUTE
    gattc_default_handler                    0x07f1ff34   Data           0  da14531_symbols.txt ABSOLUTE
    gattm_default_state                      0x07f1ff80   Data           0  da14531_symbols.txt ABSOLUTE
    gattm_default_handler                    0x07f1ffd8   Data           0  da14531_symbols.txt ABSOLUTE
    l2cc_default_state                       0x07f1fff0   Data           0  da14531_symbols.txt ABSOLUTE
    l2cc_default_handler                     0x07f20008   Data           0  da14531_symbols.txt ABSOLUTE
    const_Rb                                 0x07f20029   Data           0  da14531_symbols.txt ABSOLUTE
    const_Zero                               0x07f20039   Data           0  da14531_symbols.txt ABSOLUTE
    gapc_default_state                       0x07f2005c   Data           0  da14531_symbols.txt ABSOLUTE
    gapc_default_handler                     0x07f201ac   Data           0  da14531_symbols.txt ABSOLUTE
    gapm_default_state                       0x07f20248   Data           0  da14531_symbols.txt ABSOLUTE
    gapm_default_handler                     0x07f20330   Data           0  da14531_symbols.txt ABSOLUTE
    l2cc_connor_pkt_format                   0x07f20338   Data           0  da14531_symbols.txt ABSOLUTE
    l2cc_signaling_pkt_format                0x07f20340   Data           0  da14531_symbols.txt ABSOLUTE
    l2cc_security_pkt_format                 0x07f2039c   Data           0  da14531_symbols.txt ABSOLUTE
    l2cc_attribute_pkt_format                0x07f203d8   Data           0  da14531_symbols.txt ABSOLUTE
    smpc_construct_pdu                       0x07f20454   Data           0  da14531_symbols.txt ABSOLUTE
    arch_printf_flush                        0x07f20be5   Thumb Code     0  da14531_symbols.txt ABSOLUTE
    arch_vprintf                             0x07f20c9d   Thumb Code     0  da14531_symbols.txt ABSOLUTE
    arch_printf                              0x07f20cfd   Thumb Code     0  da14531_symbols.txt ABSOLUTE
    arch_puts                                0x07f20d11   Thumb Code     0  da14531_symbols.txt ABSOLUTE
    arch_printf_process                      0x07f20d21   Thumb Code     0  da14531_symbols.txt ABSOLUTE
    nvds_get_func                            0x07f20dcd   Thumb Code     0  da14531_symbols.txt ABSOLUTE
    nvds_init_func                           0x07f20ea9   Thumb Code     0  da14531_symbols.txt ABSOLUTE
    nvds_del_func                            0x07f20ead   Thumb Code     0  da14531_symbols.txt ABSOLUTE
    nvds_put_func                            0x07f20eb1   Thumb Code     0  da14531_symbols.txt ABSOLUTE
    csprng_seed                              0x07f20f49   Thumb Code     0  da14531_symbols.txt ABSOLUTE
    csprng_get_next_uint32                   0x07f20f79   Thumb Code     0  da14531_symbols.txt ABSOLUTE
    trng_acquire                             0x07f21021   Thumb Code     0  da14531_symbols.txt ABSOLUTE
    prf_add_profile_func                     0x07f210d1   Thumb Code     0  da14531_symbols.txt ABSOLUTE
    prf_cleanup_func                         0x07f211b1   Thumb Code     0  da14531_symbols.txt ABSOLUTE
    prf_env_get                              0x07f211f1   Thumb Code     0  da14531_symbols.txt ABSOLUTE
    prf_src_task_get                         0x07f2121d   Thumb Code     0  da14531_symbols.txt ABSOLUTE
    prf_dst_task_get                         0x07f2122d   Thumb Code     0  da14531_symbols.txt ABSOLUTE
    prf_get_id_from_task_func                0x07f21241   Thumb Code     0  da14531_symbols.txt ABSOLUTE
    prf_get_task_from_id_func                0x07f21279   Thumb Code     0  da14531_symbols.txt ABSOLUTE
    prf_reset_func                           0x07f212b1   Thumb Code     0  da14531_symbols.txt ABSOLUTE
    prf_itf_get                              0x07f212fd   Thumb Code     0  da14531_symbols.txt ABSOLUTE
    prf_pack_char_pres_fmt                   0x07f21321   Thumb Code     0  da14531_symbols.txt ABSOLUTE
    prf_pack_date_time                       0x07f2133f   Thumb Code     0  da14531_symbols.txt ABSOLUTE
    prf_unpack_date_time                     0x07f2135f   Thumb Code     0  da14531_symbols.txt ABSOLUTE
    diss_compute_cfg_flag                    0x07f21381   Thumb Code     0  da14531_symbols.txt ABSOLUTE
    diss_handle_to_value                     0x07f21453   Thumb Code     0  da14531_symbols.txt ABSOLUTE
    diss_value_to_handle                     0x07f21483   Thumb Code     0  da14531_symbols.txt ABSOLUTE
    diss_check_val_len                       0x07f214b7   Thumb Code     0  da14531_symbols.txt ABSOLUTE
    diss_prf_itf_get                         0x07f214ed   Thumb Code     0  da14531_symbols.txt ABSOLUTE
    bass_get_att_handle                      0x07f2184b   Thumb Code     0  da14531_symbols.txt ABSOLUTE
    bass_get_att_idx                         0x07f21901   Thumb Code     0  da14531_symbols.txt ABSOLUTE
    bass_exe_operation                       0x07f2196b   Thumb Code     0  da14531_symbols.txt ABSOLUTE
    bass_prf_itf_get                         0x07f21a6d   Thumb Code     0  da14531_symbols.txt ABSOLUTE
    suotar_prf_itf_get                       0x07f22059   Thumb Code     0  da14531_symbols.txt ABSOLUTE
    check_client_char_cfg                    0x07f22355   Thumb Code     0  da14531_symbols.txt ABSOLUTE
    get_value_handle                         0x07f2237f   Thumb Code     0  da14531_symbols.txt ABSOLUTE
    get_cfg_handle                           0x07f223cb   Thumb Code     0  da14531_symbols.txt ABSOLUTE
    custs1_get_att_handle                    0x07f2242d   Thumb Code     0  da14531_symbols.txt ABSOLUTE
    custs1_get_att_idx                       0x07f22449   Thumb Code     0  da14531_symbols.txt ABSOLUTE
    custs1_prf_itf_get                       0x07f22621   Thumb Code     0  da14531_symbols.txt ABSOLUTE
    custs1_init_ccc_values                   0x07f226d3   Thumb Code     0  da14531_symbols.txt ABSOLUTE
    custs1_set_ccc_value                     0x07f2270b   Thumb Code     0  da14531_symbols.txt ABSOLUTE
    gattc_cmp_evt_handler                    0x07f22823   Thumb Code     0  da14531_symbols.txt ABSOLUTE
    custs1_val_set_req_handler               0x07f22837   Thumb Code     0  da14531_symbols.txt ABSOLUTE
    custs1_val_ntf_req_handler               0x07f22857   Thumb Code     0  da14531_symbols.txt ABSOLUTE
    custs1_val_ind_req_handler               0x07f228b3   Thumb Code     0  da14531_symbols.txt ABSOLUTE
    custs1_att_info_rsp_handler              0x07f2290f   Thumb Code     0  da14531_symbols.txt ABSOLUTE
    gattc_read_req_ind_handler               0x07f2294b   Thumb Code     0  da14531_symbols.txt ABSOLUTE
    gattc_att_info_req_ind_handler           0x07f22b57   Thumb Code     0  da14531_symbols.txt ABSOLUTE
    custs1_value_req_rsp_handler             0x07f22b99   Thumb Code     0  da14531_symbols.txt ABSOLUTE
    attm_svc_create_db_128                   0x07f22c19   Thumb Code     0  da14531_symbols.txt ABSOLUTE
    gapm_adv_report_ind_handler_ROM          0x07f23085   Thumb Code     0  da14531_symbols.txt ABSOLUTE
    gapc_security_ind_handler_ROM            0x07f2309f   Thumb Code     0  da14531_symbols.txt ABSOLUTE
    gapc_set_dev_info_req_ind_handler_ROM    0x07f23185   Thumb Code     0  da14531_symbols.txt ABSOLUTE
    gapm_profile_added_ind_handler_ROM       0x07f231c7   Thumb Code     0  da14531_symbols.txt ABSOLUTE
    gapc_param_update_req_ind_handler_ROM    0x07f231f9   Thumb Code     0  da14531_symbols.txt ABSOLUTE
    gapc_le_pkt_size_ind_handler_ROM         0x07f23239   Thumb Code     0  da14531_symbols.txt ABSOLUTE
    gattc_svc_changed_cfg_ind_handler_ROM    0x07f23253   Thumb Code     0  da14531_symbols.txt ABSOLUTE
    gapc_peer_features_ind_handler_ROM       0x07f2326f   Thumb Code     0  da14531_symbols.txt ABSOLUTE
    app_entry_point_handler                  0x07f232a9   Thumb Code     0  da14531_symbols.txt ABSOLUTE
    app_std_process_event                    0x07f232f1   Thumb Code     0  da14531_symbols.txt ABSOLUTE
    app_get_address_type_ROM                 0x07f23335   Thumb Code     0  da14531_symbols.txt ABSOLUTE
    app_fill_random_byte_array_ROM           0x07f23361   Thumb Code     0  da14531_symbols.txt ABSOLUTE
    __aeabi_ldivmod                          0x07f233f3   Thumb Code     0  da14531_symbols.txt ABSOLUTE
    __aeabi_llsr                             0x07f2343f   Thumb Code     0  da14531_symbols.txt ABSOLUTE
    _ll_ushift_r                             0x07f2343f   Thumb Code     0  da14531_symbols.txt ABSOLUTE
    __aeabi_uldivmod                         0x07f23461   Thumb Code     0  da14531_symbols.txt ABSOLUTE
    app_db_init_start                        0x07f234c1   Thumb Code     0  da14531_symbols.txt ABSOLUTE
    app_db_init                              0x07f234dd   Thumb Code     0  da14531_symbols.txt ABSOLUTE
    app_easy_gap_confirm                     0x07f234e9   Thumb Code     0  da14531_symbols.txt ABSOLUTE
    append_device_name                       0x07f23515   Thumb Code     0  da14531_symbols.txt ABSOLUTE
    app_easy_gap_update_adv_data             0x07f23539   Thumb Code     0  da14531_symbols.txt ABSOLUTE
    app_easy_gap_disconnect                  0x07f23581   Thumb Code     0  da14531_symbols.txt ABSOLUTE
    app_easy_gap_advertise_stop              0x07f235bd   Thumb Code     0  da14531_symbols.txt ABSOLUTE
    active_conidx_to_conhdl                  0x07f235d9   Thumb Code     0  da14531_symbols.txt ABSOLUTE
    active_conhdl_to_conidx                  0x07f23605   Thumb Code     0  da14531_symbols.txt ABSOLUTE
    app_timer_set                            0x07f23641   Thumb Code     0  da14531_symbols.txt ABSOLUTE
    app_easy_gap_set_data_packet_length      0x07f2365d   Thumb Code     0  da14531_symbols.txt ABSOLUTE
    get_user_prf_srv_perm                    0x07f23699   Thumb Code     0  da14531_symbols.txt ABSOLUTE
    app_set_prf_srv_perm                     0x07f236c1   Thumb Code     0  da14531_symbols.txt ABSOLUTE
    prf_init_srv_perm                        0x07f236f1   Thumb Code     0  da14531_symbols.txt ABSOLUTE
    app_gattc_svc_changed_cmd_send           0x07f23715   Thumb Code     0  da14531_symbols.txt ABSOLUTE
    blank_otp_bdaddr                         0x07f239e4   Data           0  da14531_symbols.txt ABSOLUTE
    app_default_handler                      0x07f23f58   Data           0  da14531_symbols.txt ABSOLUTE
    gap_cfg_user_var_struct                  0x07f23f60   Data           0  da14531_symbols.txt ABSOLUTE
    __Vectors                                0x07fc0000   Data           4  startup_da14531.o(RESET)
    __Vectors_End                            0x07fc00a0   Data           0  startup_da14531.o(RESET)
    booter_val                               0x07fc00a0   Data           8  otp_cs.o(otp_cs_booter)
    Image$$ER_IROM3$$Base                    0x07fc0110   Number         0  anon$$obj.o ABSOLUTE
    __main                                   0x07fc0111   Thumb Code     0  entry.o(.ARM.Collect$$$$00000000)
    _main_stk                                0x07fc0111   Thumb Code     0  entry2.o(.ARM.Collect$$$$00000001)
    _main_scatterload                        0x07fc0115   Thumb Code     0  entry5.o(.ARM.Collect$$$$00000004)
    __main_after_scatterload                 0x07fc0119   Thumb Code     0  entry5.o(.ARM.Collect$$$$00000004)
    _main_clock                              0x07fc0119   Thumb Code     0  entry7b.o(.ARM.Collect$$$$00000008)
    _main_cpp_init                           0x07fc0119   Thumb Code     0  entry8b.o(.ARM.Collect$$$$0000000A)
    _main_init                               0x07fc0119   Thumb Code     0  entry9a.o(.ARM.Collect$$$$0000000B)
    __rt_lib_shutdown_fini                   0x07fc0121   Thumb Code     0  entry12b.o(.ARM.Collect$$$$0000000E)
    __rt_final_cpp                           0x07fc0125   Thumb Code     0  entry10a.o(.ARM.Collect$$$$0000000F)
    __rt_final_exit                          0x07fc0125   Thumb Code     0  entry11a.o(.ARM.Collect$$$$00000011)
    SystemInit                               0x07fc0129   Thumb Code   100  system_da14531.o(.text)
    Reset_Handler                            0x07fc01bd   Thumb Code     8  startup_da14531.o(.text)
    SVC_Handler                              0x07fc01f5   Thumb Code     2  startup_da14531.o(.text)
    PendSV_Handler                           0x07fc01f7   Thumb Code     2  startup_da14531.o(.text)
    BLE_RF_DIAG_Handler                      0x07fc01fb   Thumb Code     0  startup_da14531.o(.text)
    DMA_Handler                              0x07fc01fb   Thumb Code     0  startup_da14531.o(.text)
    KEYBRD_Handler                           0x07fc01fb   Thumb Code     0  startup_da14531.o(.text)
    RESERVED21_Handler                       0x07fc01fb   Thumb Code     0  startup_da14531.o(.text)
    RESERVED22_Handler                       0x07fc01fb   Thumb Code     0  startup_da14531.o(.text)
    RESERVED23_Handler                       0x07fc01fb   Thumb Code     0  startup_da14531.o(.text)
    RFCAL_Handler                            0x07fc01fb   Thumb Code     0  startup_da14531.o(.text)
    RTC_Handler                              0x07fc01fb   Thumb Code     0  startup_da14531.o(.text)
    SPI_Handler                              0x07fc01fb   Thumb Code     0  startup_da14531.o(.text)
    SWTIM1_Handler                           0x07fc01fb   Thumb Code     0  startup_da14531.o(.text)
    SWTIM_Handler                            0x07fc01fb   Thumb Code     0  startup_da14531.o(.text)
    XTAL32M_RDY_Handler                      0x07fc01fb   Thumb Code     0  startup_da14531.o(.text)
    HardFault_HandlerC                       0x07fc020d   Thumb Code   134  hardfault_handler.o(.text)
    NMI_HandlerC                             0x07fc02a5   Thumb Code   172  nmi_handler.o(.text)
    main                                     0x07fc0391   Thumb Code   176  arch_main.o(.text)
    crypto_init_func                         0x07fc0695   Thumb Code     2  jump_table.o(.text)
    ba431_get_rand_func                      0x07fc0697   Thumb Code    24  jump_table.o(.text)
    dia_rand_func                            0x07fc06af   Thumb Code     8  jump_table.o(.text)
    dia_srand_func                           0x07fc06b7   Thumb Code     8  jump_table.o(.text)
    dbg_init_func_empty                      0x07fc06bf   Thumb Code     2  jump_table.o(.text)
    dbg_platform_reset_complete_func_empty   0x07fc06c1   Thumb Code     2  jump_table.o(.text)
    smpm_ecdh_key_create_func_empty          0x07fc06c3   Thumb Code     2  jump_table.o(.text)
    platform_reset_func                      0x07fc06c5   Thumb Code    28  jump_table.o(.text)
    arch_disable_sleep                       0x07fc06e5   Thumb Code    26  arch_sleep.o(.text)
    arch_set_extended_sleep                  0x07fc06ff   Thumb Code    46  arch_sleep.o(.text)
    arch_set_sleep_mode                      0x07fc072d   Thumb Code    24  arch_sleep.o(.text)
    arch_get_sleep_mode                      0x07fc0745   Thumb Code    26  arch_sleep.o(.text)
    arch_restore_sleep_mode                  0x07fc075f   Thumb Code    72  arch_sleep.o(.text)
    arch_force_active_mode                   0x07fc07a7   Thumb Code    30  arch_sleep.o(.text)
    arch_ble_ext_wakeup_get                  0x07fc07c5   Thumb Code     6  arch_sleep.o(.text)
    arch_ble_force_wakeup                    0x07fc07cb   Thumb Code    46  arch_sleep.o(.text)
    read_rcx_freq                            0x07fc0809   Thumb Code    80  arch_system.o(.text)
    calibrate_rcx20                          0x07fc0859   Thumb Code    28  arch_system.o(.text)
    init_pwr_and_clk_ble                     0x07fc0875   Thumb Code   160  arch_system.o(.text)
    lld_sleep_lpcycles_2_us_rcx_func         0x07fc0915   Thumb Code    32  arch_system.o(.text)
    lld_sleep_lpcycles_2_us_sel_func         0x07fc0935   Thumb Code     2  arch_system.o(.text)
    lld_sleep_us_2_lpcycles_rcx_func         0x07fc0937   Thumb Code    20  arch_system.o(.text)
    lld_sleep_us_2_lpcycles_sel_func         0x07fc094b   Thumb Code     2  arch_system.o(.text)
    set_sleep_delay                          0x07fc094d   Thumb Code    66  arch_system.o(.text)
    conditionally_run_radio_cals             0x07fc098f   Thumb Code   134  arch_system.o(.text)
    app_use_lower_clocks_check               0x07fc0a15   Thumb Code     4  arch_system.o(.text)
    lld_sleep_init_func                      0x07fc0a19   Thumb Code    26  arch_system.o(.text)
    set_xtal32m_trim_value                   0x07fc0a33   Thumb Code    82  arch_system.o(.text)
    system_init                              0x07fc0a85   Thumb Code   598  arch_system.o(.text)
    arch_rom_init                            0x07fc0cf1   Thumb Code   212  arch_rom.o(.text)
    otp_cs_store                             0x07fc0e4d   Thumb Code   524  otp_cs.o(.text)
    otp_cs_load_pd_rad                       0x07fc1059   Thumb Code    94  otp_cs.o(.text)
    otp_cs_load_pd_adpll                     0x07fc10b7   Thumb Code    70  otp_cs.o(.text)
    otp_cs_get_adc_trim_val                  0x07fc10fd   Thumb Code     6  otp_cs.o(.text)
    otp_cs_get_adc_25_cal                    0x07fc1103   Thumb Code     6  otp_cs.o(.text)
    otp_cs_get_xtal32m_trim_value            0x07fc1109   Thumb Code     6  otp_cs.o(.text)
    otp_cs_get_xtal_wait_trim                0x07fc110f   Thumb Code     6  otp_cs.o(.text)
    otp_hdr_get_bd_address                   0x07fc1161   Thumb Code    12  otp_hdr.o(.text)
    syscntl_use_lowest_amba_clocks           0x07fc1171   Thumb Code    22  syscntl.o(.text)
    syscntl_use_highest_amba_clocks          0x07fc1187   Thumb Code    22  syscntl.o(.text)
    syscntl_cfg_xtal32m_amp_reg              0x07fc119d   Thumb Code    18  syscntl.o(.text)
    syscntl_dcdc_get_level                   0x07fc11e9   Thumb Code    20  syscntl.o(.text)
    syscntl_dcdc_set_level                   0x07fc11fd   Thumb Code    36  syscntl.o(.text)
    syscntl_dcdc_turn_on_in_boost            0x07fc1221   Thumb Code    86  syscntl.o(.text)
    GPIO_init                                0x07fc1289   Thumb Code   166  gpio.o(.text)
    GPIO_SetPinFunction                      0x07fc132f   Thumb Code    60  gpio.o(.text)
    GPIO_SetInactive                         0x07fc136b   Thumb Code    54  gpio.o(.text)
    GPIO_SetActive                           0x07fc13a1   Thumb Code    54  gpio.o(.text)
    GPIO_ConfigurePin                        0x07fc13d7   Thumb Code    78  gpio.o(.text)
    GPIO_ResetIRQ                            0x07fc1425   Thumb Code    32  gpio.o(.text)
    GPIOn_Handler                            0x07fc1445   Thumb Code    54  gpio.o(.text)
    GPIO0_Handler                            0x07fc147b   Thumb Code     4  gpio.o(.text)
    GPIO1_Handler                            0x07fc147f   Thumb Code     4  gpio.o(.text)
    GPIO2_Handler                            0x07fc1483   Thumb Code     4  gpio.o(.text)
    GPIO3_Handler                            0x07fc1487   Thumb Code     4  gpio.o(.text)
    GPIO4_Handler                            0x07fc148b   Thumb Code     4  gpio.o(.text)
    WKUP_QUADEC_Handler                      0x07fc14c5   Thumb Code   142  wkupct_quadec.o(.text)
    adc_temp_sensor_disable                  0x07fc1561   Thumb Code    14  adc_531.o(.text)
    adc_temp_sensor_enable                   0x07fc156f   Thumb Code    22  adc_531.o(.text)
    adc_set_diff_input                       0x07fc1585   Thumb Code    14  adc_531.o(.text)
    adc_set_se_input                         0x07fc1593   Thumb Code    16  adc_531.o(.text)
    adc_enable                               0x07fc169f   Thumb Code    12  adc_531.o(.text)
    adc_init                                 0x07fc16ab   Thumb Code    54  adc_531.o(.text)
    adc_start                                0x07fc16e1   Thumb Code    12  adc_531.o(.text)
    ADC_Handler                              0x07fc16ed   Thumb Code    18  adc_531.o(.text)
    adc_get_temp                             0x07fc16ff   Thumb Code    64  adc_531.o(.text)
    init_rand_seed_from_trng                 0x07fc1775   Thumb Code   114  trng.o(.text)
    spi_set_speed                            0x07fc17f9   Thumb Code    40  spi_531.o(.text)
    spi_enable                               0x07fc1821   Thumb Code    36  spi_531.o(.text)
    spi_set_cp_mode                          0x07fc1845   Thumb Code    14  spi_531.o(.text)
    spi_set_bitmode                          0x07fc1853   Thumb Code    72  spi_531.o(.text)
    spi_initialize                           0x07fc189b   Thumb Code   134  spi_531.o(.text)
    spi_cs_low                               0x07fc1921   Thumb Code    24  spi_531.o(.text)
    spi_cs_high                              0x07fc1939   Thumb Code    22  spi_531.o(.text)
    spi_access                               0x07fc194f   Thumb Code   104  spi_531.o(.text)
    spi_transaction                          0x07fc19b7   Thumb Code    24  spi_531.o(.text)
    spi_flash_read_status_reg                0x07fc19d9   Thumb Code    20  spi_flash.o(.text)
    spi_flash_is_busy                        0x07fc19ed   Thumb Code    16  spi_flash.o(.text)
    spi_flash_configure_env                  0x07fc19fd   Thumb Code     8  spi_flash.o(.text)
    spi_flash_power_down                     0x07fc1a05   Thumb Code    24  spi_flash.o(.text)
    UART2_Handler                            0x07fc1aa5   Thumb Code    10  uart.o(.text)
    uart_enable                              0x07fc1aaf   Thumb Code    48  uart.o(.text)
    uart_baudrate_setf                       0x07fc1adf   Thumb Code    50  uart.o(.text)
    uart_register_tx_cb                      0x07fc1b11   Thumb Code    22  uart.o(.text)
    uart_initialize                          0x07fc1b27   Thumb Code   166  uart.o(.text)
    uart_write_byte                          0x07fc1bcd   Thumb Code    14  uart.o(.text)
    uart_write_buffer                        0x07fc1bdb   Thumb Code    30  uart.o(.text)
    uart_send                                0x07fc1bf9   Thumb Code   112  uart.o(.text)
    uart_wait_tx_finish                      0x07fc1c69   Thumb Code    12  uart.o(.text)
    hw_otpc_enter_mode                       0x07fc1deb   Thumb Code    76  hw_otpc_531.o(.text)
    hw_otpc_is_dcdc_reserved                 0x07fc1e37   Thumb Code     6  hw_otpc_531.o(.text)
    hw_otpc_clear_dcdc_reserved              0x07fc1e3d   Thumb Code     8  hw_otpc_531.o(.text)
    hw_otpc_set_speed                        0x07fc1e45   Thumb Code    28  hw_otpc_531.o(.text)
    hw_otpc_init                             0x07fc1e61   Thumb Code    96  hw_otpc_531.o(.text)
    hw_otpc_disable                          0x07fc1ec1   Thumb Code   110  hw_otpc_531.o(.text)
    I2C_Handler                              0x07fc1f4d   Thumb Code    26  i2c.o(.text)
    lld_sleep_compensate_func                0x07fc1f85   Thumb Code    82  rwble.o(.text)
    power_up                                 0x07fc1fd7   Thumb Code    70  rwble.o(.text)
    BLE_WAKEUP_LP_Handler                    0x07fc201d   Thumb Code    58  rwble.o(.text)
    rwble_isr                                0x07fc2057   Thumb Code   224  rwble.o(.text)
    patched_ble_regs_push                    0x07fc2161   Thumb Code    16  rwip.o(.text)
    patched_ble_regs_pop                     0x07fc2171   Thumb Code    16  rwip.o(.text)
    rwip_sleep                               0x07fc2181   Thumb Code   378  rwip.o(.text)
    rf_reg_rd                                0x07fc2341   Thumb Code     4  ble_arp.o(.text)
    rf_reg_wr                                0x07fc2345   Thumb Code     2  ble_arp.o(.text)
    rf_init_func                             0x07fc23e1   Thumb Code   158  ble_arp.o(.text)
    rf_reinit_func                           0x07fc247f   Thumb Code    88  ble_arp.o(.text)
    ble_init_arp_func                        0x07fc24d7   Thumb Code    36  ble_arp.o(.text)
    rf_recalibration                         0x07fc24fb   Thumb Code    32  ble_arp.o(.text)
    set_recommended_settings                 0x07fc2611   Thumb Code   410  rf_531.o(.text)
    dis_adpll                                0x07fc27ab   Thumb Code    46  rf_531.o(.text)
    kdtc_cal_end                             0x07fc27d9   Thumb Code    74  rf_531.o(.text)
    dis_kdtc_cal                             0x07fc2823   Thumb Code    12  rf_531.o(.text)
    en_adpll_tx                              0x07fc282f   Thumb Code    58  rf_531.o(.text)
    dis_hclk                                 0x07fc2869   Thumb Code    22  rf_531.o(.text)
    en_kdtc_cal_mod0                         0x07fc287f   Thumb Code    22  rf_531.o(.text)
    kdtc_cal_init                            0x07fc2895   Thumb Code    98  rf_531.o(.text)
    kdtc_calibration                         0x07fc28f7   Thumb Code   402  rf_531.o(.text)
    rf_calibration                           0x07fc2a89   Thumb Code     2  rf_531.o(.text)
    rf_power_up                              0x07fc2a8b   Thumb Code     2  rf_531.o(.text)
    rf_adplldig_activate                     0x07fc2a8d   Thumb Code    38  rf_531.o(.text)
    rf_adplldig_deactivate                   0x07fc2ab3   Thumb Code    12  rf_531.o(.text)
    rf_pa_pwr_set                            0x07fc2abf   Thumb Code     6  rf_531.o(.text)
    rf_pa_pwr_get                            0x07fc2ac5   Thumb Code     6  rf_531.o(.text)
    rf_nfm_is_enabled                        0x07fc2acb   Thumb Code     6  rf_531.o(.text)
    prf_init_func                            0x07fc2add   Thumb Code     2  prf.o(.text)
    prf_create_func                          0x07fc2adf   Thumb Code     2  prf.o(.text)
    default_app_on_init                      0x07fc2ae1   Thumb Code    14  app_default_handlers.o(.text)
    default_app_on_connection                0x07fc2aef   Thumb Code    22  app_default_handlers.o(.text)
    default_app_on_disconnect                0x07fc2b05   Thumb Code     2  app_default_handlers.o(.text)
    default_app_on_set_dev_config_complete   0x07fc2b07   Thumb Code     8  app_default_handlers.o(.text)
    default_app_on_db_init_complete          0x07fc2b0f   Thumb Code     2  app_default_handlers.o(.text)
    default_app_on_get_dev_name              0x07fc2b11   Thumb Code    18  app_default_handlers.o(.text)
    default_app_on_get_dev_appearance        0x07fc2b23   Thumb Code     8  app_default_handlers.o(.text)
    default_app_on_get_dev_slv_pref_params   0x07fc2b2b   Thumb Code    18  app_default_handlers.o(.text)
    default_app_on_set_dev_info              0x07fc2b3d   Thumb Code    46  app_default_handlers.o(.text)
    default_app_update_params_request        0x07fc2b6b   Thumb Code    12  app_default_handlers.o(.text)
    default_app_generate_static_random_addr  0x07fc2b77   Thumb Code    48  app_default_handlers.o(.text)
    default_app_on_pairing_request           0x07fc2ba7   Thumb Code     8  app_default_handlers.o(.text)
    default_app_on_tk_exch                   0x07fc2baf   Thumb Code    48  app_default_handlers.o(.text)
    default_app_on_ltk_exch                  0x07fc2bdf   Thumb Code    24  app_default_handlers.o(.text)
    app_db_init_next                         0x07fc2c35   Thumb Code   118  app.o(.text)
    app_prf_enable                           0x07fc2cab   Thumb Code    98  app.o(.text)
    app_init                                 0x07fc2db7   Thumb Code    72  app.o(.text)
    app_easy_gap_dev_configure               0x07fc2dff   Thumb Code    18  app.o(.text)
    app_gap_process_handler                  0x07fc3017   Thumb Code    24  app_task.o(.text)
    app_sec_gen_ltk                          0x07fc3045   Thumb Code    54  app_security.o(.text)
    app_sec_process_handler                  0x07fc3191   Thumb Code    24  app_security_task.o(.text)
    app_check_BLE_active                     0x07fc31b5   Thumb Code    36  app_msg_utils.o(.text)
    app_msg_utils_api_process_handler        0x07fc31dd   Thumb Code    50  app_easy_msg_utils.o(.text)
    app_easy_security_send_pairing_rsp       0x07fc325f   Thumb Code    22  app_easy_security.o(.text)
    app_easy_security_tk_exch                0x07fc329d   Thumb Code    58  app_easy_security.o(.text)
    app_easy_security_ltk_exch               0x07fc3303   Thumb Code    24  app_easy_security.o(.text)
    app_easy_security_set_ltk_exch_from_sec_env 0x07fc331b   Thumb Code    52  app_easy_security.o(.text)
    app_timer_api_process_handler            0x07fc339d   Thumb Code   172  app_easy_timer.o(.text)
    app_easy_timer                           0x07fc3449   Thumb Code    62  app_easy_timer.o(.text)
    app_easy_timer_cancel                    0x07fc3487   Thumb Code    70  app_easy_timer.o(.text)
    app_fill_random_byte_array               0x07fc3539   Thumb Code    12  app_utils.o(.text)
    GPIO_reservations                        0x07fc3545   Thumb Code   212  user_periph_setup.o(.text)
    set_pad_functions                        0x07fc3619   Thumb Code    96  user_periph_setup.o(.text)
    periph_init                              0x07fc3679   Thumb Code    56  user_periph_setup.o(.text)
    user_ble_gap_start_scan                  0x07fc36c5   Thumb Code   104  user_ble_gap.o(.text)
    user_ble_gap_get_adv_num_elements        0x07fc372d   Thumb Code    30  user_ble_gap.o(.text)
    user_ble_gap_parse_adv_data              0x07fc374b   Thumb Code    46  user_ble_gap.o(.text)
    user_ble_gap_connect                     0x07fc3779   Thumb Code   114  user_ble_gap.o(.text)
    user_ble_gap_stop_scan                   0x07fc37eb   Thumb Code     8  user_ble_gap.o(.text)
    user_ble_cancel_connect                  0x07fc37f3   Thumb Code     8  user_ble_gap.o(.text)
    read_temp                                0x07fc3869   Thumb Code    22  user_central_app.o(.text)
    main_routine                             0x07fc387f   Thumb Code    24  user_central_app.o(.text)
    user_on_adv_report_ind                   0x07fc3897   Thumb Code   278  user_central_app.o(.text)
    user_on_connection                       0x07fc39ad   Thumb Code   110  user_central_app.o(.text)
    user_on_disconnect                       0x07fc3a1b   Thumb Code    68  user_central_app.o(.text)
    user_on_scanning_completed               0x07fc3a6f   Thumb Code    46  user_central_app.o(.text)
    user_app_on_set_dev_config_complete      0x07fc3a9d   Thumb Code    16  user_central_app.o(.text)
    user_catch_rest_hndl                     0x07fc3bb7   Thumb Code   616  user_central_app.o(.text)
    user_gatt_discover_all_services          0x07fc3efd   Thumb Code    40  user_ble_gatt.o(.text)
    user_ble_gatt_write                      0x07fc3f25   Thumb Code    72  user_ble_gatt.o(.text)
    user_ble_get_svc_size                    0x07fc3f6d   Thumb Code    56  user_ble_gatt.o(.text)
    user_gatt_parse_service                  0x07fc3fa5   Thumb Code   322  user_ble_gatt.o(.text)
    user_gatt_read_simple                    0x07fc40f5   Thumb Code    40  user_ble_gatt.o(.text)
    EventRecorderTimerGetCount               0x07fc41f1   Thumb Code    28  eventrecorder.o(.text)
    SysTick_Handler                          0x07fc4255   Thumb Code    18  eventrecorder.o(.text)
    EventRecorderTimerSetup                  0x07fc4267   Thumb Code    22  eventrecorder.o(.text)
    EventRecorderTimerGetFreq                0x07fc427d   Thumb Code     6  eventrecorder.o(.text)
    EventRecorderStart                       0x07fc4283   Thumb Code    38  eventrecorder.o(.text)
    EventRecorderEnable                      0x07fc42a9   Thumb Code    80  eventrecorder.o(.text)
    EventRecorderInitialize                  0x07fc42f9   Thumb Code   234  eventrecorder.o(.text)
    EventRecordData                          0x07fc43e3   Thumb Code   232  eventrecorder.o(.text)
    fputc                                    0x07fc455d   Thumb Code    62  retarget_io.o(.text)
    JT_lld_test_mode_rx_func                 0x07fc45a9   Thumb Code   142  patch.o(.text)
    JT_l2cc_pdu_unpack_func                  0x07fc4637   Thumb Code   786  patch.o(.text)
    JT_l2cc_pdu_recv_ind_handler_func        0x07fc4949   Thumb Code    72  patch.o(.text)
    PATCHED_llm_con_req_ind                  0x07fc4991   Thumb Code   816  patch.o(.text)
    PATCHED_smpc_recv_public_key_exchange_pdu 0x07fc4dd1   Thumb Code   106  patch.o(.text)
    PATCHED_llc_data_ind_handler             0x07fc4e3b   Thumb Code   176  patch.o(.text)
    PATCHED_llcp_length_req_handler          0x07fc4eeb   Thumb Code   118  patch.o(.text)
    PATCHED_llcp_length_rsp_handler          0x07fc4f61   Thumb Code   134  patch.o(.text)
    JT_llc_le_length_effective_func          0x07fc4fe7   Thumb Code   188  patch.o(.text)
    lld_drop_packet_fix                      0x07fc50a3   Thumb Code    64  patch.o(.text)
    PATCHED_lld_data_ind_handler             0x07fc50e3   Thumb Code    58  patch.o(.text)
    patch_func                               0x07fc511d   Thumb Code    44  patch.o(.text)
    patch_global_vars_init                   0x07fc5149   Thumb Code     2  patch.o(.text)
    __scatterload                            0x07fc5179   Thumb Code    28  init.o(.text)
    __scatterload_rt2                        0x07fc5179   Thumb Code     0  init.o(.text)
    __0printf$8                              0x07fc519d   Thumb Code    24  printf8.o(i.__0printf$8)
    __1printf$8                              0x07fc519d   Thumb Code     0  printf8.o(i.__0printf$8)
    __2printf                                0x07fc519d   Thumb Code     0  printf8.o(i.__0printf$8)
    __0sprintf$8                             0x07fc51bd   Thumb Code    36  printf8.o(i.__0sprintf$8)
    __1sprintf$8                             0x07fc51bd   Thumb Code     0  printf8.o(i.__0sprintf$8)
    __2sprintf                               0x07fc51bd   Thumb Code     0  printf8.o(i.__0sprintf$8)
    __ARM_common_ll_muluu                    0x07fc51e5   Thumb Code    48  arch_system.o(i.__ARM_common_ll_muluu)
    __scatterload_copy                       0x07fc5215   Thumb Code    14  handlers.o(i.__scatterload_copy)
    __scatterload_null                       0x07fc5223   Thumb Code     2  handlers.o(i.__scatterload_null)
    __scatterload_zeroinit                   0x07fc5225   Thumb Code    14  handlers.o(i.__scatterload_zeroinit)
    free                                     0x07fc56b5   Thumb Code    80  malloc.o(i.free)
    malloc                                   0x07fc5709   Thumb Code    92  malloc.o(i.malloc)
    rom_console_cfg                          0x07fc5774   Data          36  arch_console.o(.constdata)
    rom_nvds_cfg                             0x07fc57a8   Data           8  nvds.o(.constdata)
    rom_func_addr_table_var                  0x07fc57b0   Data         380  jump_table.o(.constdata)
    rom_cfg_table_var                        0x07fc592c   Data         236  jump_table.o(.constdata)
    my_custom_msg_handlers                   0x07fc5a28   Data          40  arch_rom.o(.constdata)
    arp_init_table                           0x07fc5ab0   Data         112  ble_arp.o(.constdata)
    rom_prf_cfg                              0x07fc5b20   Data          12  prf.o(.constdata)
    prf_funcs                                0x07fc5b74   Data          12  app.o(.constdata)
    app_process_handlers                     0x07fc5cd0   Data          20  app_entry_point.o(.constdata)
    rom_app_task_cfg                         0x07fc5ce4   Data          32  app_entry_point.o(.constdata)
    EventRecorderInfo                        0x07fc5d94   Data          24  eventrecorder.o(.constdata)
    Region$$Table$$Base                      0x07fc5dd0   Number         0  anon$$obj.o(Region$$Table)
    Region$$Table$$Limit                     0x07fc5df0   Number         0  anon$$obj.o(Region$$Table)
    SystemCoreClock                          0x07fc5df0   Data           4  system_da14531.o(.data)
    pa_en_dcf_tx_setting                     0x07fc5df4   Data           1  rf_531.o(.data)
    __stdout                                 0x07fc5df8   Data           4  stdout.o(.data)
    __microlib_freelist                      0x07fc5dfc   Data           4  mvars.o(.data)
    __microlib_freelist_initialised          0x07fc5e00   Data           4  mvars.o(.data)
    otp_hdr_timestamp                        0x07fc5f08   Data           4  arch_system.o(.bss)
    twirq_set_value                          0x07fc5f0c   Data           4  arch_system.o(.bss)
    twirq_reset_value                        0x07fc5f10   Data           4  arch_system.o(.bss)
    syscntl_dcdc_state                       0x07fc5f18   Data           2  syscntl.o(.bss)
    twext_value                              0x07fc5f6c   Data           4  rwip.o(.bss)
    calibration_res                          0x07fc5f74   Data          42  rf_531.o(.bss)
    central_app_env                          0x07fc5fe0   Data          72  user_central_app.o(.bss)
    __heap_base                              0x07fc64e8   Data           0  startup_da14531.o(HEAP)
    __heap_limit                             0x07fc65e8   Data           0  startup_da14531.o(HEAP)
    __initial_sp                             0x07fc6be8   Data           0  startup_da14531.o(STACK)
    heap_mem_area_not_ret$$Base              0x07fc6be8   Number         0  jump_table.o(heap_mem_area_not_ret)
    rwip_heap_non_ret                        0x07fc6be8   Data        1036  jump_table.o(heap_mem_area_not_ret)
    Image$$RET_DATA_UNINIT$$Base             0x07fc8bc0   Number         0  anon$$obj.o ABSOLUTE
    sys_startup_flag                         0x07fc8bd8   Data           1  arch_system.o(retention_mem_area0)
    last_temp                                0x07fc8bd9   Data           1  arch_system.o(retention_mem_area0)
    rcx_cal_in_progress                      0x07fc8bda   Data           1  arch_system.o(retention_mem_area0)
    clk_freq_trim_reg_value                  0x07fc8bdc   Data           2  arch_system.o(retention_mem_area0)
    arch_wkupct_deb_time                     0x07fc8bde   Data           2  arch_system.o(retention_mem_area0)
    xtal_wait_trim                           0x07fc8be0   Data           2  arch_system.o(retention_mem_area0)
    last_temp_time                           0x07fc8be8   Data           4  arch_system.o(retention_mem_area0)
    lp_clk_sel                               0x07fc8bec   Data           4  arch_system.o(retention_mem_area0)
    rcx_freq                                 0x07fc8bf0   Data           4  arch_system.o(retention_mem_area0)
    rcx_period                               0x07fc8bf4   Data           4  arch_system.o(retention_mem_area0)
    dev_bdaddr                               0x07fc8bf8   Data           6  arch_system.o(retention_mem_area0)
    rcx_slot_duration                        0x07fc8c00   Data           8  arch_system.o(retention_mem_area0)
    heap_log                                 0x07fc8c08   Data           2  arch_rom.o(retention_mem_area0)
    GPIO_status                              0x07fc8c68   Data           8  gpio.o(retention_mem_area0)
    GPIO                                     0x07fc8c70   Data          48  gpio.o(retention_mem_area0)
    GPIOHandlerFunction                      0x07fc8ca0   Data          20  gpio.o(retention_mem_area0)
    arch_rwble_last_event                    0x07fc8d1c   Data           1  rwble.o(retention_mem_area0)
    ble_finetim_corr                         0x07fc8d20   Data           4  rwble.o(retention_mem_area0)
    sleep_lp_cycles                          0x07fc8d24   Data           4  rwip.o(retention_mem_area0)
    retained_BLE_EM_BASE_REG                 0x07fc8d28   Data           4  rwip.o(retention_mem_area0)
    slp_period_retained                      0x07fc8d2c   Data           4  rwip.o(retention_mem_area0)
    app_env                                  0x07fc8d56   Data          12  app.o(retention_mem_area0)
    device_info                              0x07fc8d62   Data          36  app.o(retention_mem_area0)
    app_prf_srv_perm                         0x07fc8d86   Data          20  app.o(retention_mem_area0)
    app_state                                0x07fc8d9a   Data           1  app_task.o(retention_mem_area0)
    app_sec_env                              0x07fc8d9c   Data         122  app_security.o(retention_mem_area0)
    lld_force_timeout_refresh                0x07fc8e98   Data           3  patch.o(retention_mem_area0)
    heap_db_area$$Base                       0x07fc8e9c   Number         0  jump_table.o(heap_db_area)
    rwip_heap_db_ret                         0x07fc8e9c   Data        1036  jump_table.o(heap_db_area)
    rwip_heap_env_ret                        0x07fc92a8   Data         696  jump_table.o(heap_env_area)
    rwip_heap_msg_ret                        0x07fc9560   Data        1404  jump_table.o(heap_msg_area)
    dummy                                    0x07fc9c00   Data           0  da14531_symbols.txt ABSOLUTE
    trng_state_val                           0x07fcb89c   Data           4  trng.o(trng_state)
    ble_wakeup_executed                      0x07fcb900   Data           0  da14531_symbols.txt ABSOLUTE
    rf_in_sleep                              0x07fcb901   Data           0  da14531_symbols.txt ABSOLUTE
    custom_preinit                           0x07fcb904   Data           0  da14531_symbols.txt ABSOLUTE
    custom_postinit                          0x07fcb908   Data           0  da14531_symbols.txt ABSOLUTE
    custom_appinit                           0x07fcb90c   Data           0  da14531_symbols.txt ABSOLUTE
    custom_preloop                           0x07fcb910   Data           0  da14531_symbols.txt ABSOLUTE
    custom_preschedule                       0x07fcb914   Data           0  da14531_symbols.txt ABSOLUTE
    custom_postschedule                      0x07fcb918   Data           0  da14531_symbols.txt ABSOLUTE
    custom_postschedule_async                0x07fcb91c   Data           0  da14531_symbols.txt ABSOLUTE
    custom_presleepcheck                     0x07fcb920   Data           0  da14531_symbols.txt ABSOLUTE
    custom_appsleepset                       0x07fcb924   Data           0  da14531_symbols.txt ABSOLUTE
    custom_postsleepcheck                    0x07fcb928   Data           0  da14531_symbols.txt ABSOLUTE
    custom_presleepenter                     0x07fcb92c   Data           0  da14531_symbols.txt ABSOLUTE
    custom_postsleepexit                     0x07fcb930   Data           0  da14531_symbols.txt ABSOLUTE
    custom_prewakeup                         0x07fcb934   Data           0  da14531_symbols.txt ABSOLUTE
    custom_postwakeup                        0x07fcb938   Data           0  da14531_symbols.txt ABSOLUTE
    custom_preidlecheck                      0x07fcb93c   Data           0  da14531_symbols.txt ABSOLUTE
    custom_pti_set                           0x07fcb940   Data           0  da14531_symbols.txt ABSOLUTE
    REG_BLE_EM_TX_BUFFER_SIZE                0x07fcb944   Data           0  da14531_symbols.txt ABSOLUTE
    REG_BLE_EM_RX_BUFFER_SIZE                0x07fcb948   Data           0  da14531_symbols.txt ABSOLUTE
    _ble_base                                0x07fcb94c   Data           0  da14531_symbols.txt ABSOLUTE
    gap_cfg_user                             0x07fcb950   Data           0  da14531_symbols.txt ABSOLUTE
    rom_func_addr_table                      0x07fcb954   Data           0  da14531_symbols.txt ABSOLUTE
    rom_cfg_table                            0x07fcb958   Data           0  da14531_symbols.txt ABSOLUTE
    BLE_TX_DESC_DATA_USER                    0x07fcb95c   Data           0  da14531_symbols.txt ABSOLUTE
    BLE_TX_DESC_CNTL_USER                    0x07fcb960   Data           0  da14531_symbols.txt ABSOLUTE
    LLM_LE_ADV_DUMMY_IDX                     0x07fcb964   Data           0  da14531_symbols.txt ABSOLUTE
    LLM_LE_SCAN_CON_REQ_ADV_DIR_IDX          0x07fcb968   Data           0  da14531_symbols.txt ABSOLUTE
    LLM_LE_SCAN_RSP_IDX                      0x07fcb96c   Data           0  da14531_symbols.txt ABSOLUTE
    LLM_LE_ADV_IDX                           0x07fcb970   Data           0  da14531_symbols.txt ABSOLUTE
    length_exchange_needed                   0x07fcb974   Data           0  da14531_symbols.txt ABSOLUTE
    enh_con_cmp_cnt                          0x07fcb978   Data           0  da14531_symbols.txt ABSOLUTE
    rx_pkt_cnt                               0x07fcb980   Data           0  da14531_symbols.txt ABSOLUTE
    rx_pkt_cnt_bad                           0x07fcb984   Data           0  da14531_symbols.txt ABSOLUTE
    rx_pkt_cnt_bad_adv                       0x07fcb988   Data           0  da14531_symbols.txt ABSOLUTE
    rx_pkt_cnt_bad_scn                       0x07fcb98c   Data           0  da14531_symbols.txt ABSOLUTE
    rx_pkt_cnt_bad_oth                       0x07fcb990   Data           0  da14531_symbols.txt ABSOLUTE
    rx_pkt_cnt_bad_wo_sync_err               0x07fcb994   Data           0  da14531_symbols.txt ABSOLUTE
    rx_pkt_cnt_bad_con                       0x07fcb998   Data           0  da14531_symbols.txt ABSOLUTE
    connect_req_cnt                          0x07fcb99c   Data           0  da14531_symbols.txt ABSOLUTE
    last_status                              0x07fcb9a0   Data           0  da14531_symbols.txt ABSOLUTE
    llc_state                                0x07fcb9a4   Data           0  da14531_symbols.txt ABSOLUTE
    lld_sleep_env                            0x07fcb9a8   Data           0  da14531_symbols.txt ABSOLUTE
    lld_wlcoex_enable                        0x07fcb9ac   Data           0  da14531_symbols.txt ABSOLUTE
    ble_duplicate_filter_max                 0x07fcb9b0   Data           0  da14531_symbols.txt ABSOLUTE
    ble_duplicate_filter_found               0x07fcb9b1   Data           0  da14531_symbols.txt ABSOLUTE
    alter_conn_adv_all_cnt                   0x07fcb9b4   Data           0  da14531_symbols.txt ABSOLUTE
    alter_conn_adv_dir_cnt                   0x07fcb9b8   Data           0  da14531_symbols.txt ABSOLUTE
    alter_conn_adv_cnt                       0x07fcb9bc   Data           0  da14531_symbols.txt ABSOLUTE
    create_conn_cnt                          0x07fcb9c0   Data           0  da14531_symbols.txt ABSOLUTE
    alter_conn_cnt                           0x07fcb9c4   Data           0  da14531_symbols.txt ABSOLUTE
    alter_conn_restart_cnt                   0x07fcb9c8   Data           0  da14531_symbols.txt ABSOLUTE
    alter_conn_peer_addr                     0x07fcb9cc   Data           0  da14531_symbols.txt ABSOLUTE
    alter_conn_local_addr                    0x07fcb9d2   Data           0  da14531_symbols.txt ABSOLUTE
    set_adv_data_discard_old                 0x07fcb9d8   Data           0  da14531_symbols.txt ABSOLUTE
    llm_resolving_list_max                   0x07fcb9d9   Data           0  da14531_symbols.txt ABSOLUTE
    llm_local_le_feats                       0x07fcb9da   Data           0  da14531_symbols.txt ABSOLUTE
    llm_bt_env                               0x07fcb9e2   Data           0  da14531_symbols.txt ABSOLUTE
    init_tx_cnt_cntl_cnt1                    0x07fcb9ec   Data           0  da14531_symbols.txt ABSOLUTE
    init_tx_cnt_cntl_cnt                     0x07fcb9f0   Data           0  da14531_symbols.txt ABSOLUTE
    tx_cnt_cntl_cnt                          0x07fcb9f4   Data           0  da14531_symbols.txt ABSOLUTE
    llm_state                                0x07fcb9f8   Data           0  da14531_symbols.txt ABSOLUTE
    delay_us_cnt                             0x07fcb9fa   Data           0  da14531_symbols.txt ABSOLUTE
    gtl_state                                0x07fcb9fc   Data           0  da14531_symbols.txt ABSOLUTE
    use_h4tl                                 0x07fcb9fd   Data           0  da14531_symbols.txt ABSOLUTE
    hci_cmd_desc_root_tab                    0x07fcba00   Data           0  da14531_symbols.txt ABSOLUTE
    gattc_state                              0x07fcba30   Data           0  da14531_symbols.txt ABSOLUTE
    gattm_state                              0x07fcba33   Data           0  da14531_symbols.txt ABSOLUTE
    l2cc_state                               0x07fcba34   Data           0  da14531_symbols.txt ABSOLUTE
    l2cm_env                                 0x07fcba38   Data           0  da14531_symbols.txt ABSOLUTE
    gapc_state                               0x07fcba3e   Data           0  da14531_symbols.txt ABSOLUTE
    gapm_state                               0x07fcba41   Data           0  da14531_symbols.txt ABSOLUTE
    whitelist_fix                            0x07fcba42   Data           0  da14531_symbols.txt ABSOLUTE
    ecdh_key_creation_in_progress            0x07fcba44   Data           0  da14531_symbols.txt ABSOLUTE
    ke_free_bad                              0x07fcba48   Data           0  da14531_symbols.txt ABSOLUTE
    DISABLE_KE_TASK_ALTERNATIVE_SAVED_QUEUE  0x07fcba4c   Data           0  da14531_symbols.txt ABSOLUTE
    rwip_env                                 0x07fcba54   Data           0  da14531_symbols.txt ABSOLUTE
    _rand_state_ROM_DATA                     0x07fcba5c   Data           0  da14531_symbols.txt ABSOLUTE
    custom_msg_handlers                      0x07fcba60   Data           0  da14531_symbols.txt ABSOLUTE
    ble_reg_save                             0x07fcba64   Data           0  da14531_symbols.txt ABSOLUTE
    sleep_env                                0x07fcbab4   Data           0  da14531_symbols.txt ABSOLUTE
    uart_env                                 0x07fcbab8   Data           0  da14531_symbols.txt ABSOLUTE
    ke_mem_heaps_used                        0x07fcbadc   Data           0  da14531_symbols.txt ABSOLUTE
    co_buf_env                               0x07fcbae0   Data           0  da14531_symbols.txt ABSOLUTE
    llc_env                                  0x07fcbb78   Data           0  da14531_symbols.txt ABSOLUTE
    lld_evt_env                              0x07fcbb84   Data           0  da14531_symbols.txt ABSOLUTE
    llm_le_env                               0x07fcbbb0   Data           0  da14531_symbols.txt ABSOLUTE
    llm_local_cmds                           0x07fcbcb0   Data           0  da14531_symbols.txt ABSOLUTE
    gtl_env                                  0x07fcbd30   Data           0  da14531_symbols.txt ABSOLUTE
    hci_env                                  0x07fcbd78   Data           0  da14531_symbols.txt ABSOLUTE
    h4tl_env                                 0x07fcbd88   Data           0  da14531_symbols.txt ABSOLUTE
    gattc_env                                0x07fcbda0   Data           0  da14531_symbols.txt ABSOLUTE
    gattm_env                                0x07fcbdac   Data           0  da14531_symbols.txt ABSOLUTE
    l2cc_env                                 0x07fcbdd0   Data           0  da14531_symbols.txt ABSOLUTE
    ecdh_key                                 0x07fcbddc   Data           0  da14531_symbols.txt ABSOLUTE
    gapc_env                                 0x07fcbe3c   Data           0  da14531_symbols.txt ABSOLUTE
    gapm_env                                 0x07fcbe48   Data           0  da14531_symbols.txt ABSOLUTE
    ke_env                                   0x07fcbe74   Data           0  da14531_symbols.txt ABSOLUTE
    rwip_rf                                  0x07fcbf58   Data           0  da14531_symbols.txt ABSOLUTE



==============================================================================

Memory Map of the image

  Image Entry point : 0x07fc0111

  Load Region LR_IROM1 (Base: 0x07fc0000, Size: 0x000000a8, Max: 0x000000c0, ABSOLUTE)

    Execution Region ER_IROM1 (Exec base: 0x07fc0000, Load base: 0x07fc0000, Size: 0x000000a8, Max: 0x000000c0, ABSOLUTE)

    Exec Addr    Load Addr    Size         Type   Attr      Idx    E Section Name        Object

    0x07fc0000   0x07fc0000   0x000000a0   Data   RO          258    RESET               startup_da14531.o
    0x07fc00a0   0x07fc00a0   0x00000008   Data   RW          859    otp_cs_booter       otp_cs.o



  Load Region LR_IROM2 (Base: 0x07fc00c0, Size: 0x00000000, Max: 0x00000050, ABSOLUTE)

    Execution Region ER_IROM2 (Exec base: 0x07fc00c0, Load base: 0x07fc00c0, Size: 0x00000050, Max: 0x00000050, ABSOLUTE)

    Exec Addr    Load Addr    Size         Type   Attr      Idx    E Section Name        Object

    0x07fc00c0        -       0x00000050   Zero   RW            1    ER_IROM2.bss        anon$$obj.o



  Load Region LR_IROM3 (Base: 0x07fc0110, Size: 0x00005cf4, Max: 0x00008ab0, ABSOLUTE)

    Execution Region ER_IROM3 (Exec base: 0x07fc0110, Load base: 0x07fc0110, Size: 0x00005cf4, Max: 0x00008ab0, ABSOLUTE)

    Exec Addr    Load Addr    Size         Type   Attr      Idx    E Section Name        Object

    0x07fc0110   0x07fc0110   0x00000000   Code   RO         3274  * .ARM.Collect$$$$00000000  mc_p.l(entry.o)
    0x07fc0110   0x07fc0110   0x00000004   Code   RO         3570    .ARM.Collect$$$$00000001  mc_p.l(entry2.o)
    0x07fc0114   0x07fc0114   0x00000004   Code   RO         3573    .ARM.Collect$$$$00000004  mc_p.l(entry5.o)
    0x07fc0118   0x07fc0118   0x00000000   Code   RO         3575    .ARM.Collect$$$$00000008  mc_p.l(entry7b.o)
    0x07fc0118   0x07fc0118   0x00000000   Code   RO         3577    .ARM.Collect$$$$0000000A  mc_p.l(entry8b.o)
    0x07fc0118   0x07fc0118   0x00000008   Code   RO         3578    .ARM.Collect$$$$0000000B  mc_p.l(entry9a.o)
    0x07fc0120   0x07fc0120   0x00000004   Code   RO         3585    .ARM.Collect$$$$0000000E  mc_p.l(entry12b.o)
    0x07fc0124   0x07fc0124   0x00000000   Code   RO         3580    .ARM.Collect$$$$0000000F  mc_p.l(entry10a.o)
    0x07fc0124   0x07fc0124   0x00000000   Code   RO         3582    .ARM.Collect$$$$00000011  mc_p.l(entry11a.o)
    0x07fc0124   0x07fc0124   0x00000004   Code   RO         3571    .ARM.Collect$$$$00002712  mc_p.l(entry2.o)
    0x07fc0128   0x07fc0128   0x00000094   Code   RO            3    .text               system_da14531.o
    0x07fc01bc   0x07fc01bc   0x00000050   Code   RO          259    .text               startup_da14531.o
    0x07fc020c   0x07fc020c   0x00000098   Code   RO          264    .text               hardfault_handler.o
    0x07fc02a4   0x07fc02a4   0x000000c0   Code   RO          298    .text               nmi_handler.o
    0x07fc0364   0x07fc0364   0x0000002c   Code   RO          313    .text               arch_console.o
    0x07fc0390   0x07fc0390   0x00000304   Code   RO          355    .text               arch_main.o
    0x07fc0694   0x07fc0694   0x00000050   Code   RO          578    .text               jump_table.o
    0x07fc06e4   0x07fc06e4   0x00000124   Code   RO          652    .text               arch_sleep.o
    0x07fc0808   0x07fc0808   0x000004e8   Code   RO          691    .text               arch_system.o
    0x07fc0cf0   0x07fc0cf0   0x0000015c   Code   RO          805    .text               arch_rom.o
    0x07fc0e4c   0x07fc0e4c   0x00000314   Code   RO          850    .text               otp_cs.o
    0x07fc1160   0x07fc1160   0x00000010   Code   RO          914    .text               otp_hdr.o
    0x07fc1170   0x07fc1170   0x00000118   Code   RO          929    .text               syscntl.o
    0x07fc1288   0x07fc1288   0x0000023c   Code   RO          972    .text               gpio.o
    0x07fc14c4   0x07fc14c4   0x0000009c   Code   RO         1072    .text               wkupct_quadec.o
    0x07fc1560   0x07fc1560   0x00000214   Code   RO         1205    .text               adc_531.o
    0x07fc1774   0x07fc1774   0x00000084   Code   RO         1299    .text               trng.o
    0x07fc17f8   0x07fc17f8   0x000001e0   Code   RO         1324    .text               spi_531.o
    0x07fc19d8   0x07fc19d8   0x00000048   Code   RO         1407    .text               spi_flash.o
    0x07fc1a20   0x07fc1a20   0x0000039c   Code   RO         1801    .text               uart.o
    0x07fc1dbc   0x07fc1dbc   0x00000190   Code   RO         1868    .text               hw_otpc_531.o
    0x07fc1f4c   0x07fc1f4c   0x00000038   Code   RO         1948    .text               i2c.o
    0x07fc1f84   0x07fc1f84   0x000001dc   Code   RO         2061    .text               rwble.o
    0x07fc2160   0x07fc2160   0x000001e0   Code   RO         2110    .text               rwip.o
    0x07fc2340   0x07fc2340   0x000002d0   Code   RO         2139    .text               ble_arp.o
    0x07fc2610   0x07fc2610   0x000004cc   Code   RO         2167    .text               rf_531.o
    0x07fc2adc   0x07fc2adc   0x00000004   Code   RO         2267    .text               prf.o
    0x07fc2ae0   0x07fc2ae0   0x00000134   Code   RO         2293    .text               app_default_handlers.o
    0x07fc2c14   0x07fc2c14   0x00000224   Code   RO         2374    .text               app.o
    0x07fc2e38   0x07fc2e38   0x0000020c   Code   RO         2542    .text               app_task.o
    0x07fc3044   0x07fc3044   0x0000003c   Code   RO         2576    .text               app_security.o
    0x07fc3080   0x07fc3080   0x00000134   Code   RO         2614    .text               app_security_task.o
    0x07fc31b4   0x07fc31b4   0x00000028   Code   RO         2640    .text               app_msg_utils.o
    0x07fc31dc   0x07fc31dc   0x0000004c   Code   RO         2664    .text               app_easy_msg_utils.o
    0x07fc3228   0x07fc3228   0x00000138   Code   RO         2707    .text               app_easy_security.o
    0x07fc3360   0x07fc3360   0x00000002   Code   RO         2888    .text               app_easy_timer.o
    0x07fc3362   0x07fc3362   0x00000002   Code   RO         2889    .text               app_easy_timer.o
    0x07fc3364   0x07fc3364   0x000001d4   Code   RO         2890    .text               app_easy_timer.o
    0x07fc3538   0x07fc3538   0x0000000c   Code   RO         3001    .text               app_utils.o
    0x07fc3544   0x07fc3544   0x00000180   Code   RO         3074    .text               user_periph_setup.o
    0x07fc36c4   0x07fc36c4   0x00000158   Code   RO         3095    .text               user_ble_gap.o
    0x07fc381c   0x07fc381c   0x000006e0   Code   RO         3121    .text               user_central_app.o
    0x07fc3efc   0x07fc3efc   0x000001f8   Code   RO         3150    .text               user_ble_gatt.o
    0x07fc40f4   0x07fc40f4   0x0000002c   Code   RO         3151    .text               user_ble_gatt.o
    0x07fc4120   0x07fc4120   0x0000043c   Code   RO         3169    .text               eventrecorder.o
    0x07fc455c   0x07fc455c   0x0000004c   Code   RO         3226    .text               retarget_io.o
    0x07fc45a8   0x07fc45a8   0x00000bd0   Code   RO         3270    .text               da14531.lib(patch.o)
    0x07fc5178   0x07fc5178   0x00000024   Code   RO         3599    .text               mc_p.l(init.o)
    0x07fc519c   0x07fc519c   0x00000020   Code   RO         3488    i.__0printf$8       mc_p.l(printf8.o)
    0x07fc51bc   0x07fc51bc   0x00000028   Code   RO         3490    i.__0sprintf$8      mc_p.l(printf8.o)
    0x07fc51e4   0x07fc51e4   0x00000030   Code   RO          732    i.__ARM_common_ll_muluu  arch_system.o
    0x07fc5214   0x07fc5214   0x0000000e   Code   RO         3609    i.__scatterload_copy  mc_p.l(handlers.o)
    0x07fc5222   0x07fc5222   0x00000002   Code   RO         3610    i.__scatterload_null  mc_p.l(handlers.o)
    0x07fc5224   0x07fc5224   0x0000000e   Code   RO         3611    i.__scatterload_zeroinit  mc_p.l(handlers.o)
    0x07fc5232   0x07fc5232   0x00000002   PAD
    0x07fc5234   0x07fc5234   0x00000428   Code   RO         3495    i._printf_core      mc_p.l(printf8.o)
    0x07fc565c   0x07fc565c   0x00000020   Code   RO         3496    i._printf_post_padding  mc_p.l(printf8.o)
    0x07fc567c   0x07fc567c   0x0000002c   Code   RO         3497    i._printf_pre_padding  mc_p.l(printf8.o)
    0x07fc56a8   0x07fc56a8   0x0000000a   Code   RO         3499    i._sputc            mc_p.l(printf8.o)
    0x07fc56b2   0x07fc56b2   0x00000002   PAD
    0x07fc56b4   0x07fc56b4   0x00000054   Code   RO         3542    i.free              mc_p.l(malloc.o)
    0x07fc5708   0x07fc5708   0x0000006c   Code   RO         3543    i.malloc            mc_p.l(malloc.o)
    0x07fc5774   0x07fc5774   0x00000024   Data   RO          315    .constdata          arch_console.o
    0x07fc5798   0x07fc5798   0x0000000e   Data   RO          335    .constdata          nvds.o
    0x07fc57a6   0x07fc57a6   0x00000002   PAD
    0x07fc57a8   0x07fc57a8   0x00000008   Data   RO          336    .constdata          nvds.o
    0x07fc57b0   0x07fc57b0   0x0000017c   Data   RO          579    .constdata          jump_table.o
    0x07fc592c   0x07fc592c   0x000000ec   Data   RO          580    .constdata          jump_table.o
    0x07fc5a18   0x07fc5a18   0x00000008   Data   RO          697    .constdata          arch_system.o
    0x07fc5a20   0x07fc5a20   0x00000070   Data   RO          806    .constdata          arch_rom.o
    0x07fc5a90   0x07fc5a90   0x00000002   Data   RO          985    .constdata          gpio.o
    0x07fc5a92   0x07fc5a92   0x00000002   PAD
    0x07fc5a94   0x07fc5a94   0x0000001c   Data   RO         1875    .constdata          hw_otpc_531.o
    0x07fc5ab0   0x07fc5ab0   0x00000070   Data   RO         2141    .constdata          ble_arp.o
    0x07fc5b20   0x07fc5b20   0x0000000c   Data   RO         2269    .constdata          prf.o
    0x07fc5b2c   0x07fc5b2c   0x00000070   Data   RO         2396    .constdata          app.o
    0x07fc5b9c   0x07fc5b9c   0x00000070   Data   RO         2544    .constdata          app_task.o
    0x07fc5c0c   0x07fc5c0c   0x00000038   Data   RO         2616    .constdata          app_security_task.o
    0x07fc5c44   0x07fc5c44   0x0000008c   Data   RO         2629    .constdata          app_entry_point.o
    0x07fc5cd0   0x07fc5cd0   0x00000014   Data   RO         2630    .constdata          app_entry_point.o
    0x07fc5ce4   0x07fc5ce4   0x00000020   Data   RO         2631    .constdata          app_entry_point.o
    0x07fc5d04   0x07fc5d04   0x00000007   Data   RO         2735    .constdata          app_easy_security.o
    0x07fc5d0b   0x07fc5d0b   0x00000001   PAD
    0x07fc5d0c   0x07fc5d0c   0x0000002c   Data   RO         3075    .constdata          user_periph_setup.o
    0x07fc5d38   0x07fc5d38   0x00000059   Data   RO         3123    .constdata          user_central_app.o
    0x07fc5d91   0x07fc5d91   0x00000003   PAD
    0x07fc5d94   0x07fc5d94   0x00000018   Data   RO         3177    .constdata          eventrecorder.o
    0x07fc5dac   0x07fc5dac   0x00000024   Data   RO         3271    .constdata          da14531.lib(patch.o)
    0x07fc5dd0   0x07fc5dd0   0x00000020   Data   RO         3607    Region$$Table       anon$$obj.o
    0x07fc5df0   0x07fc5df0   0x00000004   Data   RW            4    .data               system_da14531.o
    0x07fc5df4   0x07fc5df4   0x00000001   Data   RW         2182    .data               rf_531.o
    0x07fc5df5   0x07fc5df5   0x00000003   PAD
    0x07fc5df8   0x07fc5df8   0x00000004   Data   RW         3279    .data               mc_p.l(stdout.o)
    0x07fc5dfc   0x07fc5dfc   0x00000004   Data   RW         3586    .data               mc_p.l(mvars.o)
    0x07fc5e00   0x07fc5e00   0x00000004   Data   RW         3587    .data               mc_p.l(mvars.o)


    Execution Region ER_PRODTEST (Exec base: 0x07fc5e08, Load base: 0x07fc5e04, Size: 0x00000000, Max: 0xffffffff, ABSOLUTE, UNINIT)

    **** No section assigned to this execution region ****


    Execution Region ER_ZI (Exec base: 0x07fc5e08, Load base: 0x07fc5e04, Size: 0x00000de0, Max: 0xffffffff, ABSOLUTE)

    Exec Addr    Load Addr    Size         Type   Attr      Idx    E Section Name        Object

    0x07fc5e08        -       0x00000100   Zero   RW          314    .bss                arch_console.o
    0x07fc5f08        -       0x0000000c   Zero   RW          695    .bss                arch_system.o
    0x07fc5f14        -       0x00000004   Zero   RW          858    .bss                otp_cs.o
    0x07fc5f18        -       0x00000002   Zero   RW          934    .bss                syscntl.o
    0x07fc5f1a        -       0x00000002   Zero   RW         1218    .bss                adc_531.o
    0x07fc5f1c        -       0x00000014   Zero   RW         1300    .bss                trng.o
    0x07fc5f30        -       0x0000000c   Zero   RW         1449    .bss                spi_flash.o
    0x07fc5f3c        -       0x00000030   Zero   RW         1949    .bss                i2c.o
    0x07fc5f6c        -       0x00000004   Zero   RW         2111    .bss                rwip.o
    0x07fc5f70        -       0x0000002e   Zero   RW         2181    .bss                rf_531.o
    0x07fc5f9e        -       0x0000008a   Zero   RW         3122    .bss                user_central_app.o
    0x07fc6028        -       0x00000001   Zero   RW         3152    .bss                user_ble_gatt.o
    0x07fc6029   0x07fc5e04   0x00000003   PAD
    0x07fc602c        -       0x00000008   Zero   RW         3175    .bss                eventrecorder.o
    0x07fc6034        -       0x0000000c   Zero   RW         3231    .bss                retarget_io.o
    0x07fc6040        -       0x000004a4   Zero   RW         3176    .bss.noinit         eventrecorder.o
    0x07fc64e4   0x07fc5e04   0x00000004   PAD
    0x07fc64e8        -       0x00000100   Zero   RW          257    HEAP                startup_da14531.o
    0x07fc65e8        -       0x00000600   Zero   RW          256    STACK               startup_da14531.o


    Execution Region ER_NZI (Exec base: 0x07fc6be8, Load base: 0x07fc5e04, Size: 0x0000040c, Max: 0xffffffff, ABSOLUTE, UNINIT)

    Exec Addr    Load Addr    Size         Type   Attr      Idx    E Section Name        Object

    0x07fc6be8        -       0x0000040c   Zero   RW          583    heap_mem_area_not_ret  jump_table.o


    Execution Region ER_STATEFUL_HIBERNATION (Exec base: 0x07fc6ff4, Load base: 0x07fc5e04, Size: 0x00000000, Max: 0xffffffff, ABSOLUTE, UNINIT)

    **** No section assigned to this execution region ****



  Load Region LR_RETAINED_RAM0 (Base: 0x07fc8bc0, Size: 0x00000000, Max: 0x00001440, ABSOLUTE)

    Execution Region RET_DATA_UNINIT (Exec base: 0x07fc8bc0, Load base: 0x07fc8bc0, Size: 0x00000000, Max: 0x00000000, ABSOLUTE, UNINIT)

    **** No section assigned to this execution region ****


    Execution Region RET_DATA (Exec base: 0x07fc8bc0, Load base: 0x07fc8bc0, Size: 0x000002dc, Max: 0x00000800, ABSOLUTE)

    Exec Addr    Load Addr    Size         Type   Attr      Idx    E Section Name        Object

    0x07fc8bc0        -       0x00000004   Zero   RW          316    retention_mem_area0  arch_console.o
    0x07fc8bc4        -       0x00000001   Zero   RW          317    retention_mem_area0  arch_console.o
    0x07fc8bc5        -       0x00000001   Zero   RW          318    retention_mem_area0  arch_console.o
    0x07fc8bc6        -       0x00000001   Zero   RW          319    retention_mem_area0  arch_console.o
    0x07fc8bc7   0x07fc8bc0   0x00000001   PAD
    0x07fc8bc8        -       0x00000008   Zero   RW          357    retention_mem_area0  arch_main.o
    0x07fc8bd0        -       0x00000004   Zero   RW          657    retention_mem_area0  arch_sleep.o
    0x07fc8bd4   0x07fc8bc0   0x00000004   PAD
    0x07fc8bd8        -       0x00000030   Zero   RW          699    retention_mem_area0  arch_system.o
    0x07fc8c08        -       0x00000002   Zero   RW          807    retention_mem_area0  arch_rom.o
    0x07fc8c0a   0x07fc8bc0   0x00000002   PAD
    0x07fc8c0c        -       0x0000005c   Zero   RW          860    retention_mem_area0  otp_cs.o
    0x07fc8c68        -       0x0000004c   Zero   RW          986    retention_mem_area0  gpio.o
    0x07fc8cb4        -       0x0000000c   Zero   RW         1086    retention_mem_area0  wkupct_quadec.o
    0x07fc8cc0        -       0x00000004   Zero   RW         1219    retention_mem_area0  adc_531.o
    0x07fc8cc4        -       0x00000014   Zero   RW         1334    retention_mem_area0  spi_531.o
    0x07fc8cd8        -       0x00000040   Zero   RW         1810    retention_mem_area0  uart.o
    0x07fc8d18        -       0x00000001   Zero   RW         1876    retention_mem_area0  hw_otpc_531.o
    0x07fc8d19   0x07fc8bc0   0x00000003   PAD
    0x07fc8d1c        -       0x00000008   Zero   RW         2062    retention_mem_area0  rwble.o
    0x07fc8d24        -       0x00000008   Zero   RW         2112    retention_mem_area0  rwip.o
    0x07fc8d2c        -       0x00000004   Zero   RW         2113    retention_mem_area0  rwip.o
    0x07fc8d30        -       0x00000008   Zero   RW         2183    retention_mem_area0  rf_531.o
    0x07fc8d38        -       0x0000004e   Zero   RW         2400    retention_mem_area0  app.o
    0x07fc8d86        -       0x00000014   Zero   RW         2401    retention_mem_area0  app.o
    0x07fc8d9a        -       0x00000001   Zero   RW         2545    retention_mem_area0  app_task.o
    0x07fc8d9b   0x07fc8bc0   0x00000001   PAD
    0x07fc8d9c        -       0x0000007a   Zero   RW         2578    retention_mem_area0  app_security.o
    0x07fc8e16   0x07fc8bc0   0x00000002   PAD
    0x07fc8e18        -       0x00000018   Zero   RW         2665    retention_mem_area0  app_easy_msg_utils.o
    0x07fc8e30        -       0x00000018   Zero   RW         2737    retention_mem_area0  app_easy_security.o
    0x07fc8e48        -       0x00000050   Zero   RW         2893    retention_mem_area0  app_easy_timer.o
    0x07fc8e98        -       0x00000003   Zero   RW         3272    retention_mem_area0  da14531.lib(patch.o)


    Execution Region RET_HEAP (Exec base: 0x07fc8e9c, Load base: 0x07fc8bc0, Size: 0x00000c40, Max: 0x00000c40, ABSOLUTE, UNINIT)

    Exec Addr    Load Addr    Size         Type   Attr      Idx    E Section Name        Object

    0x07fc8e9c        -       0x0000040c   Zero   RW          581    heap_db_area        jump_table.o
    0x07fc92a8        -       0x000002b8   Zero   RW          582    heap_env_area       jump_table.o
    0x07fc9560        -       0x0000057c   Zero   RW          584    heap_msg_area       jump_table.o



  Load Region LR_FREE_AREA (Base: 0x07fcb4ac, Size: 0x00000000, Max: 0x000003f0, ABSOLUTE)

    Execution Region ER_FREE_AREA (Exec base: 0x07fcb4ac, Load base: 0x07fcb4ac, Size: 0x00000000, Max: 0x000003f0, ABSOLUTE)

    **** No section assigned to this execution region ****



  Load Region LR_RETAINED_TRNG_STATE (Base: 0x07fcb89c, Size: 0x00000000, Max: 0x00000004, ABSOLUTE)

    Execution Region RET_DATA_UNINIT_TRNG_STATE (Exec base: 0x07fcb89c, Load base: 0x07fcb89c, Size: 0x00000004, Max: 0x00000004, ABSOLUTE, UNINIT)

    Exec Addr    Load Addr    Size         Type   Attr      Idx    E Section Name        Object

    0x07fcb89c        -       0x00000004   Zero   RW         1301    trng_state          trng.o


==============================================================================

Image component sizes


      Code (inc. data)   RO Data    RW Data    ZI Data      Debug   Object Name

       532         28          0          0          6      16024   adc_531.o
       548         40        112          0         98      18641   app.o
       308         30          0          0          0       9796   app_default_handlers.o
        76          8          0          0         24       2789   app_easy_msg_utils.o
       312         18          7          0         24      12182   app_easy_security.o
       472         26          0          0         80       6081   app_easy_timer.o
         0          0        192          0          0       1140   app_entry_point.o
        40          4          0          0          0       1471   app_msg_utils.o
        60          6          0          0        122       4008   app_security.o
       308         30         56          0          0       3970   app_security_task.o
       524         22        112          0          1      11078   app_task.o
        12          0          0          0          0       1373   app_utils.o
        44          4         36          0        263       2158   arch_console.o
       772         80          0          0          8      46967   arch_main.o
       348        136        112          0          2       2808   arch_rom.o
       292         16          0          0          4       3560   arch_sleep.o
      1304        104          8          0         60      95727   arch_system.o
       720         62        112          0          0      77012   ble_arp.o
      1084         44         24          0       1196      13804   eventrecorder.o
       572         22          2          0         76      15011   gpio.o
       152         18          0          0          0      11873   hardfault_handler.o
       400         38         28          0          1       4946   hw_otpc_531.o
        56         12          0          0         48       8584   i2c.o
        80          4        616          0       4172      11089   jump_table.o
       192         20          0          0          0       9151   nmi_handler.o
         0          0         22          0          0       5077   nvds.o
       788         66          0          8         96       6174   otp_cs.o
        16          4          0          0          0       1189   otp_hdr.o
         4          0         12          0          0       2873   prf.o
        76         14          0          0         12       1576   retarget_io.o
      1228        128          0          1         54       6483   rf_531.o
       476         42          0          0          8      75946   rwble.o
       480         62          0          0         16      74710   rwip.o
       480         10          0          0         20      10142   spi_531.o
        72          4          0          0         12       9866   spi_flash.o
        80         16        160          0       1792        792   startup_da14531.o
       280         18          0          0          2       5428   syscntl.o
       148         22          0          4          0     269148   system_da14531.o
       132         18          0          0         24       2416   trng.o
       924         26          0          0         64      23433   uart.o
       344          8          0          0          0       4944   user_ble_gap.o
       548         18          0          0          1       3620   user_ble_gatt.o
      1760        592         89          0        138       7462   user_central_app.o
       384         20         44          0          0      10113   user_periph_setup.o
       156         14          0          0         12       3906   wkupct_quadec.o

    ----------------------------------------------------------------------
     17584       1854       1784         16       8536     916541   Object Totals
         0          0         32          0         80          0   (incl. Generated)
         0          0          8          3         20          0   (incl. Padding)

    ----------------------------------------------------------------------

      Code (inc. data)   RO Data    RW Data    ZI Data      Debug   Library Member Name

      3024        126         36          0          3        564   patch.o
         0          0          0          0          0          0   entry.o
         0          0          0          0          0          0   entry10a.o
         0          0          0          0          0          0   entry11a.o
         4          0          0          0          0          0   entry12b.o
         8          4          0          0          0          0   entry2.o
         4          0          0          0          0          0   entry5.o
         0          0          0          0          0          0   entry7b.o
         0          0          0          0          0          0   entry8b.o
         8          4          0          0          0          0   entry9a.o
        30          0          0          0          0          0   handlers.o
        36          8          0          0          0         68   init.o
       192         20          0          0          0        144   malloc.o
         0          0          0          8          0          0   mvars.o
      1222         56          0          0          0        468   printf8.o
         0          0          0          4          0          0   stdout.o

    ----------------------------------------------------------------------
      4532        218         36         12          4       1244   Library Totals
         4          0          0          0          1          0   (incl. Padding)

    ----------------------------------------------------------------------

      Code (inc. data)   RO Data    RW Data    ZI Data      Debug   Library Name

      3024        126         36          0          3        564   da14531.lib
      1504         92          0         12          0        680   mc_p.l

    ----------------------------------------------------------------------
      4532        218         36         12          4       1244   Library Totals

    ----------------------------------------------------------------------

==============================================================================


      Code (inc. data)   RO Data    RW Data    ZI Data      Debug   

     22116       2072       1820         28       8540     914153   Grand Totals
     22116       2072       1820         28       8540     914153   ELF Image Totals
     22116       2072       1820         28          0          0   ROM Totals

==============================================================================

    Total RO  Size (Code + RO Data)                23936 (  23.38kB)
    Total RW  Size (RW Data + ZI Data)              8568 (   8.37kB)
    Total ROM Size (Code + RO Data + RW Data)      23964 (  23.40kB)

==============================================================================

