<html>
<body>
<pre>
<h1>µVision Build Log</h1>
<h2>Tool Versions:</h2>
IDE-Version: µVision V5.38.0.0
Copyright (C) 2022 ARM Ltd and ARM Germany GmbH. All rights reserved.
License Information: Markus Andersson, Aalto university, LIC=----
 
Tool Versions:
Toolchain:       MDK-Lite  Version: 5.38.0.0
Toolchain Path:  C:\Keil_v5\ARM\ARM_Compiler_5.06u7\Bin
C Compiler:      Armcc.exe V5.06 update 7 (build 960)
Assembler:       Armasm.exe V5.06 update 7 (build 960)
Linker/Locator:  ArmLink.exe V5.06 update 7 (build 960)
Library Manager: ArmAr.exe V5.06 update 7 (build 960)
Hex Converter:   FromElf.exe V5.06 update 7 (build 960)
CPU DLL:         SARMCM3.DLL V5.38.0.0
Dialog DLL:      DARMCM1.DLL V1.19.6.0
Target DLL:      Segger\JL2CM3.dll V2.99.42.0
Dialog DLL:      TARMCM1.DLL V1.14.6.0
 
<h2>Project:</h2>
C:\Users\35841\Documents\Projects\weather_station\firmware\projects\target_apps\weather_station\peripheral\Keil_5\prox_reporter.uvprojx
Project File Date:  03/29/2023

<h2>Output:</h2>
*** Using Compiler 'V5.06 update 7 (build 960)', folder: 'C:\Keil_v5\ARM\ARM_Compiler_5.06u7\Bin'
Build target 'DA14531'
assembling startup_DA14531.s...
compiling nmi_handler.c...
compiling hardfault_handler.c...
compiling arch_console.c...
compiling system_DA14531.c...
compiling nvds.c...
compiling jump_table.c...
compiling arch_main.c...
compiling chacha20.c...
compiling arch_sleep.c...
compiling arch_rom.c...
compiling arch_hibernation.c...
compiling hash.c...
compiling otp_hdr.c...
compiling arch_system.c...
compiling syscntl.c...
compiling otp_cs.c...
compiling gpio.c...
compiling wkupct_quadec.c...
compiling battery.c...
compiling dma.c...
compiling adc_531.c...
compiling spi_531.c...
compiling uart.c...
compiling i2c_eeprom.c...
compiling spi_flash.c...
compiling i2c.c...
compiling trng.c...
compiling hw_otpc_531.c...
compiling rtc.c...
compiling timer1.c...
compiling rf_585.c...
compiling prf.c...
compiling rf_531.c...
compiling prf_utils.c...
compiling rwip.c...
compiling bass.c...
compiling ble_arp.c...
compiling env.c...
compiling bass_task.c...
compiling rwble.c...
compiling app_default_handlers.c...
compiling env_task.c...
compiling app_task.c...
compiling app.c...
compiling app_security.c...
compiling app_security_task.c...
compiling app_entry_point.c...
compiling app_msg_utils.c...
compiling app_easy_msg_utils.c...
compiling app_bass.c...
compiling app_easy_timer.c...
compiling app_bass_task.c...
compiling app_easy_security.c...
compiling app_bond_db.c...
compiling app_utils.c...
compiling app_easy_whitelist.c...
compiling app_env_task.c...
compiling user_periph_setup.c...
compiling app_env.c...
compiling user_peripheral.c...
user_peripheral.c(83): warning:  #177-D: function "app_resume_system_from_sleep"  was declared but never referenced
  static void app_resume_system_from_sleep(void)
user_peripheral.c: 1 warning, 0 errors
linking...
Program Size: Code=18382 RO-data=1730 RW-data=12 ZI-data=6704  
FromELF: creating hex file...
After Build - User command #1: fromelf --bincombined --output=".\out_DA14531\Objects\prox_reporter_531.bin"  ".\out_DA14531\Objects\prox_reporter_531.axf"
".\out_DA14531\Objects\prox_reporter_531.axf" - 0 Error(s), 1 Warning(s).

<h2>Software Packages used:</h2>

Package Vendor: ARM
                http://www.keil.com/pack/ARM.CMSIS.5.9.0.pack
                ARM.CMSIS.5.9.0
                CMSIS (Common Microcontroller Software Interface Standard)

<h2>Collection of Component include folders:</h2>
  C:/Users/35841/AppData/Local/Arm/Packs/ARM/CMSIS/5.9.0/Device/ARM/ARMCM0plus/Include

<h2>Collection of Component Files used:</h2>
Build Time Elapsed:  00:00:19
</pre>
</body>
</html>
