Component: ARM Compiler 5.06 update 7 (build 960) Tool: armlink [4d3601]

==============================================================================

Section Cross References

    system_da14585_586.o(.text) refers to system_da14585_586.o(.data) for .data
    startup_da14585_586.o(RESET) refers to startup_da14585_586.o(STACK) for __initial_sp
    startup_da14585_586.o(RESET) refers to startup_da14585_586.o(.text) for Reset_Handler
    startup_da14585_586.o(RESET) refers to rwble.o(.text) for BLE_WAKEUP_LP_Handler
    startup_da14585_586.o(RESET) refers to uart.o(.text) for UART2_Handler
    startup_da14585_586.o(RESET) refers to i2c.o(.text) for I2C_Handler
    startup_da14585_586.o(RESET) refers to adc_58x.o(.text) for ADC_Handler
    startup_da14585_586.o(RESET) refers to gpio.o(.text) for GPIO0_Handler
    startup_da14585_586.o(RESET) refers to wkupct_quadec.o(.text) for WKUP_QUADEC_Handler
    startup_da14585_586.o(.text) refers to system_da14585_586.o(.text) for SystemInit
    startup_da14585_586.o(.text) refers to entry.o(.ARM.Collect$$$$00000000) for __main
    startup_da14585_586.o(.text) refers to nmi_handler.o(.text) for NMI_HandlerC
    startup_da14585_586.o(.text) refers to hardfault_handler.o(.text) for HardFault_HandlerC
    nvds.o(.text) refers to nvds.o(.constdata) for .constdata
    nvds.o(.text) refers to arch_system.o(retention_mem_area0) for dev_bdaddr
    arch_main.o(.text) refers to arch_system.o(.text) for system_init
    arch_main.o(.text) refers to rwip.o(.text) for rwip_sleep
    arch_main.o(.text) refers to arch_main.o(retention_mem_area0) for retention_mem_area0
    arch_main.o(.text) refers to rwble.o(retention_mem_area0) for arch_rwble_last_event
    arch_main.o(.constdata) refers to app_default_handlers.o(.text) for default_app_on_init
    jump_table.o(.constdata) refers to rf_585.o(.text) for rf_init_func
    jump_table.o(.constdata) refers to nvds.o(.text) for nvds_get_func
    jump_table.o(.constdata) refers to jump_table.o(.text) for platform_reset_func
    jump_table.o(.constdata) refers to rwble.o(.text) for lld_sleep_compensate_func
    jump_table.o(.constdata) refers to arch_system.o(.text) for lld_sleep_init_func
    jump_table.o(.constdata) refers to prf.o(.text) for prf_init_func
    jump_table.o(.constdata) refers to patch.o(.text) for JT_l2cc_pdu_unpack_func
    jump_table.o(.constdata) refers to jump_table.o(heap_mem_area_not_ret) for rwip_heap_non_ret
    jump_table.o(.constdata) refers to jump_table.o(heap_env_area) for rwip_heap_env_ret
    jump_table.o(.constdata) refers to jump_table.o(heap_db_area) for rwip_heap_db_ret
    jump_table.o(.constdata) refers to jump_table.o(heap_msg_area) for rwip_heap_msg_ret
    arch_sleep.o(.text) refers to arch_sleep.o(retention_mem_area0) for retention_mem_area0
    arch_sleep.o(.text) refers to gpio.o(.text) for GPIO_DisablePorPin
    arch_sleep.o(.text) refers to arch_sleep.o(.text) for arch_set_extended_sleep
    arch_sleep.o(.text) refers to arch_sleep.o(retention_mem_area0) for retention_mem_area0
    arch_sleep.o(.text) refers to arch_sleep.o(.text) for arch_get_sleep_mode
    arch_sleep.o(.text) refers to arch_sleep.o(.text) for arch_disable_sleep
    arch_sleep.o(.text) refers to arch_sleep.o(retention_mem_area0) for retention_mem_area0
    arch_sleep.o(.text) refers to rwble.o(retention_mem_area0) for arch_rwble_last_event
    arch_system.o(.text) refers to rf_calibration.o(.text) for rf_calibration_585
    arch_system.o(.text) refers to gpio.o(.text) for GPIO_init
    arch_system.o(.text) refers to hw_otpc_58x.o(.text) for hw_otpc_manual_read_on
    arch_system.o(.text) refers to otp_hdr.o(.text) for otp_hdr_get_bd_address
    arch_system.o(.text) refers to arch_rom.o(.text) for arch_rom_init
    arch_system.o(.text) refers to user_periph_setup.o(.text) for periph_init
    arch_system.o(.text) refers to trng.o(.text) for init_rand_seed_from_trng
    arch_system.o(.text) refers to arch_sleep.o(.text) for arch_disable_sleep
    arch_system.o(.text) refers to app.o(.text) for app_init
    arch_system.o(.text) refers to app_default_handlers.o(.text) for default_app_on_init
    arch_system.o(.text) refers to arch_system.o(retention_mem_area0) for retention_mem_area0
    arch_system.o(.text) refers to rwble.o(retention_mem_area0) for twirq_set
    arch_system.o(.text) refers to arch_system.o(.data) for .data
    arch_system.o(.text) refers to arch_system.o(retention_mem_area0) for retention_mem_area0
    arch_system.o(.text) refers to arch_system.o(i.__ARM_common_ll_muluu) for __ARM_common_ll_muluu
    arch_system.o(.text) refers to arch_system.o(retention_mem_area0) for retention_mem_area0
    arch_system.o(.constdata) refers to app_default_handlers.o(.text) for default_app_on_init
    arch_rom.o(.text) refers to patch.o(.text) for patch_global_vars_init
    arch_rom.o(.text) refers to arch_rom.o(retention_mem_area0) for retention_mem_area0
    arch_rom.o(.text) refers to arch_system.o(.constdata) for gap_cfg_user_var_struct
    arch_rom.o(.text) refers to jump_table.o(.constdata) for rom_func_addr_table_var
    arch_rom.o(.text) refers to jump_table.o(.constdata) for rom_cfg_table_var
    gpio.o(.text) refers to user_periph_setup.o(.text) for GPIO_reservations
    gpio.o(.text) refers to gpio.o(retention_mem_area0) for retention_mem_area0
    gpio.o(.text) refers to gpio.o(.constdata) for .constdata
    gpio.o(.text) refers to gpio.o(retention_mem_area0) for retention_mem_area0
    gpio.o(.text) refers to gpio.o(.text) for gpioshift16
    gpio.o(.text) refers to gpio.o(retention_mem_area0) for retention_mem_area0
    gpio.o(.text) refers to gpio.o(.text) for gpioshift16
    gpio.o(.text) refers to gpio.o(retention_mem_area0) for retention_mem_area0
    wkupct_quadec.o(.text) refers to syscntl.o(.text) for syscntl_use_highest_amba_clocks
    wkupct_quadec.o(.text) refers to wkupct_quadec.o(retention_mem_area0) for retention_mem_area0
    wkupct_quadec.o(.text) refers to wkupct_quadec.o(.text) for wkupct_quad_disable_IRQ
    wkupct_quadec.o(.text) refers to wkupct_quadec.o(retention_mem_area0) for retention_mem_area0
    wkupct_quadec.o(.text) refers to wkupct_quadec.o(.text) for wkupct_quad_disable_IRQ
    wkupct_quadec.o(.text) refers to wkupct_quadec.o(.text) for quad_decoder_disable_irq
    wkupct_quadec.o(.text) refers to wkupct_quadec.o(.text) for __NVIC_SetPriority
    battery.o(.text) refers to adc_58x.o(.text) for adc_offset_calibrate
    battery.o(.text) refers to battery.o(.constdata) for .constdata
    battery.o(.constdata) refers to battery.o(.text) for batt_cal_cr2032
    adc_58x.o(.text) refers to adc_58x.o(.constdata) for .constdata
    adc_58x.o(.text) refers to adc_58x.o(retention_mem_area0) for retention_mem_area0
    adc_58x.o(.text) refers to adc_58x.o(.text) for __NVIC_DisableIRQ
    adc_58x.o(.text) refers to adc_58x.o(retention_mem_area0) for retention_mem_area0
    adc_58x.o(.text) refers to adc_58x.o(.text) for __NVIC_DisableIRQ
    adc_58x.o(.text) refers to adc_58x.o(retention_mem_area0) for retention_mem_area0
    uart.o(.text) refers to uart.o(retention_mem_area0) for retention_mem_area0
    uart.o(.text) refers to uart.o(retention_mem_area0) for retention_mem_area0
    uart.o(.text) refers to uart.o(retention_mem_area0) for retention_mem_area0
    uart.o(.text) refers to uart.o(retention_mem_area0) for retention_mem_area0
    uart.o(.text) refers to uart.o(.text) for uart_enable
    uart.o(.text) refers to uart.o(.text) for uart_baudrate_setf
    uart.o(.text) refers to uart.o(retention_mem_area0) for retention_mem_area0
    uart.o(.text) refers to uart.o(.text) for uart_write_byte
    uart.o(.text) refers to uart.o(.text) for uart_write_buffer
    uart.o(.text) refers to uart.o(.text) for __NVIC_DisableIRQ
    uart.o(.text) refers to uart.o(.text) for __NVIC_SetPriority
    uart.o(.text) refers to uart.o(.text) for __NVIC_EnableIRQ
    uart.o(.text) refers to uart.o(retention_mem_area0) for retention_mem_area0
    uart.o(.text) refers to uart.o(.text) for uart_read_byte
    uart.o(.text) refers to uart.o(.text) for uart_read_buffer
    uart.o(.text) refers to uart.o(.text) for __NVIC_DisableIRQ
    uart.o(.text) refers to uart.o(.text) for __NVIC_SetPriority
    uart.o(.text) refers to uart.o(.text) for __NVIC_EnableIRQ
    uart.o(.text) refers to uart.o(retention_mem_area0) for retention_mem_area0
    uart.o(.text) refers to uart.o(.text) for uart_enable_flow_control
    spi_58x.o(.text) refers to gpio.o(.text) for GPIO_SetActive
    spi_58x.o(.text) refers to spi_58x.o(retention_mem_area0) for retention_mem_area0
    spi_58x.o(.text) refers to spi_58x.o(.text) for wait_spi_to_finish
    spi_58x.o(.text) refers to spi_58x.o(.text) for wait_spi_to_finish
    spi_58x.o(.text) refers to spi_58x.o(.text) for wait_spi_to_finish
    spi_flash.o(.text) refers to spi_58x.o(.text) for spi_set_bitmode
    spi_flash.o(.text) refers to spi_flash.o(.bss) for .bss
    spi_flash.o(.text) refers to spi_flash.o(.constdata) for .constdata
    spi_flash.o(.text) refers to spi_58x.o(.text) for spi_initialize
    spi_flash.o(.text) refers to spi_flash.o(.text) for spi_flash_release_from_power_down
    spi_flash.o(.text) refers to spi_58x.o(.text) for spi_initialize
    spi_flash.o(.text) refers to spi_flash.o(.text) for spi_flash_release_from_power_down
    spi_flash.o(.text) refers to spi_flash.o(.text) for spi_flash_is_busy
    spi_flash.o(.text) refers to spi_58x.o(.text) for spi_set_bitmode
    spi_flash.o(.text) refers to spi_flash.o(.text) for spi_flash_write_enable
    spi_flash.o(.text) refers to spi_flash.o(.text) for spi_flash_write_enable
    spi_flash.o(.text) refers to spi_flash.o(.text) for spi_flash_is_busy
    spi_flash.o(.text) refers to spi_58x.o(.text) for spi_set_bitmode
    spi_flash.o(.text) refers to spi_58x.o(.text) for spi_set_bitmode
    spi_flash.o(.text) refers to spi_flash.o(.text) for spi_flash_set_write_enable
    spi_flash.o(.text) refers to spi_flash.o(.text) for spi_flash_wait_till_ready
    spi_flash.o(.text) refers to spi_58x.o(.text) for spi_set_bitmode
    spi_flash.o(.text) refers to spi_58x.o(.text) for spi_set_bitmode
    spi_flash.o(.text) refers to spi_flash.o(.text) for spi_flash_read_config_reg
    spi_flash.o(.text) refers to spi_flash.o(.text) for spi_flash_read_config_reg
    spi_flash.o(.text) refers to spi_flash.o(.text) for spi_flash_read_status_reg
    spi_flash.o(.text) refers to spi_flash.o(.text) for spi_flash_write_status_config_reg
    spi_flash.o(.text) refers to spi_flash.o(.text) for spi_flash_is_busy
    spi_flash.o(.text) refers to spi_58x.o(.text) for spi_set_bitmode
    spi_flash.o(.text) refers to spi_flash.o(.text) for spi_flash_is_busy
    spi_flash.o(.text) refers to spi_58x.o(.text) for spi_set_bitmode
    spi_flash.o(.text) refers to spi_flash.o(.text) for spi_flash_is_busy
    spi_flash.o(.text) refers to spi_58x.o(.text) for spi_set_bitmode
    spi_flash.o(.text) refers to spi_flash.o(.text) for spi_flash_is_busy
    spi_flash.o(.text) refers to spi_58x.o(.text) for spi_set_bitmode
    spi_flash.o(.text) refers to spi_flash.o(.text) for spi_flash_is_busy
    spi_flash.o(.text) refers to spi_flash.o(.text) for spi_flash_chip_erase
    spi_flash.o(.text) refers to spi_flash.o(.text) for spi_flash_read_security_reg
    spi_flash.o(.text) refers to spi_flash.o(.text) for spi_flash_is_busy
    spi_flash.o(.text) refers to spi_58x.o(.text) for spi_set_bitmode
    spi_flash.o(.text) refers to spi_58x.o(.text) for spi_send
    spi_flash.o(.text) refers to spi_58x.o(.text) for spi_set_bitmode
    spi_flash.o(.text) refers to spi_flash.o(.text) for spi_flash_page_program_buffer
    spi_flash.o(.text) refers to spi_flash.o(.bss) for .bss
    spi_flash.o(.text) refers to spi_flash.o(.text) for spi_flash_is_busy
    spi_flash.o(.text) refers to spi_58x.o(.text) for spi_set_bitmode
    spi_flash.o(.text) refers to spi_58x.o(.text) for spi_set_bitmode
    spi_flash.o(.text) refers to spi_flash.o(.text) for spi_flash_page_fill
    spi_flash.o(.text) refers to spi_flash.o(.bss) for .bss
    spi_flash.o(.text) refers to spi_flash.o(.text) for spi_flash_read_security_reg
    spi_flash.o(.text) refers to spi_flash.o(.text) for spi_flash_is_busy
    spi_flash.o(.text) refers to spi_58x.o(.text) for spi_set_bitmode
    spi_flash.o(.text) refers to spi_58x.o(.text) for spi_receive
    spi_flash.o(.text) refers to spi_flash.o(.bss) for .bss
    spi_flash.o(.text) refers to spi_flash.o(.text) for spi_flash_read_data
    spi_flash.o(.text) refers to spi_flash.o(.text) for spi_flash_is_page_empty
    spi_flash.o(.text) refers to spi_flash.o(.text) for spi_flash_is_sector_empty
    spi_flash.o(.text) refers to spi_flash.o(.bss) for .bss
    i2c.o(.text) refers to i2c.o(.text) for i2c_setup_slave
    i2c.o(.text) refers to i2c.o(.text) for i2c_setup_master
    i2c.o(.text) refers to i2c.o(.bss) for .bss
    i2c.o(.text) refers to i2c.o(.text) for i2c_register_int
    i2c.o(.text) refers to i2c.o(.text) for __NVIC_ClearPendingIRQ
    i2c.o(.text) refers to i2c.o(.text) for i2c_unregister_int
    i2c.o(.text) refers to i2c.o(.bss) for .bss
    i2c.o(.text) refers to i2c.o(.text) for tx_reply
    i2c.o(.text) refers to i2c.o(.bss) for .bss
    i2c.o(.text) refers to i2c.o(.text) for i2c_register_int
    i2c.o(.text) refers to i2c.o(.bss) for .bss
    i2c.o(.text) refers to i2c.o(.text) for intr_master_transmit_buffer_handler
    i2c.o(.text) refers to i2c.o(.text) for i2c_unregister_int
    i2c.o(.text) refers to i2c.o(.bss) for .bss
    i2c.o(.text) refers to i2c.o(.text) for rx_reply
    i2c.o(.text) refers to i2c.o(.bss) for .bss
    i2c.o(.text) refers to i2c.o(.text) for i2c_register_int
    i2c.o(.text) refers to i2c.o(.bss) for .bss
    i2c.o(.text) refers to i2c.o(.text) for intr_master_receive_buffer_handler
    i2c.o(.text) refers to i2c.o(.text) for rx_reply
    i2c.o(.text) refers to i2c.o(.bss) for .bss
    i2c.o(.text) refers to i2c.o(.text) for i2c_register_int
    i2c.o(.text) refers to i2c.o(.bss) for .bss
    i2c.o(.text) refers to i2c.o(.text) for intr_slave_receive_buffer_handler
    i2c.o(.text) refers to i2c.o(.text) for tx_reply
    i2c.o(.text) refers to i2c.o(.bss) for .bss
    i2c.o(.text) refers to i2c.o(.text) for i2c_register_int
    i2c.o(.text) refers to i2c.o(.bss) for .bss
    i2c.o(.text) refers to i2c.o(.text) for intr_slave_transmit_buffer_handler
    i2c.o(.text) refers to i2c.o(.bss) for .bss
    i2c_eeprom.o(.text) refers to i2c_eeprom.o(retention_mem_area0) for retention_mem_area0
    i2c_eeprom.o(.text) refers to i2c_eeprom.o(retention_mem_area0) for retention_mem_area0
    i2c_eeprom.o(.text) refers to i2c.o(.text) for i2c_init
    i2c_eeprom.o(.text) refers to i2c_eeprom.o(retention_mem_area0) for retention_mem_area0
    i2c_eeprom.o(.text) refers to i2c.o(.text) for i2c_release
    i2c_eeprom.o(.text) refers to i2c.o(.text) for i2c_release
    i2c_eeprom.o(.text) refers to i2c_eeprom.o(retention_mem_area0) for retention_mem_area0
    i2c_eeprom.o(.text) refers to i2c_eeprom.o(retention_mem_area0) for retention_mem_area0
    i2c_eeprom.o(.text) refers to i2c_eeprom.o(.text) for i2c_wait_until_eeprom_ready
    i2c_eeprom.o(.text) refers to i2c_eeprom.o(.text) for i2c_eeprom_send_address
    i2c_eeprom.o(.text) refers to i2c_eeprom.o(.text) for i2c_eeprom_send_address
    i2c_eeprom.o(.text) refers to i2c_eeprom.o(.text) for i2c_wait_until_eeprom_ready
    i2c_eeprom.o(.text) refers to i2c_eeprom.o(.text) for read_data_single
    i2c_eeprom.o(.text) refers to i2c_eeprom.o(retention_mem_area0) for retention_mem_area0
    i2c_eeprom.o(.text) refers to i2c_eeprom.o(.text) for i2c_wait_until_eeprom_ready
    i2c_eeprom.o(.text) refers to i2c_eeprom.o(.text) for i2c_eeprom_send_address
    i2c_eeprom.o(.text) refers to i2c_eeprom.o(.text) for i2c_wait_until_eeprom_ready
    i2c_eeprom.o(.text) refers to i2c_eeprom.o(.text) for i2c_eeprom_send_address
    i2c_eeprom.o(.text) refers to i2c_eeprom.o(retention_mem_area0) for retention_mem_area0
    i2c_eeprom.o(.text) refers to i2c_eeprom.o(.text) for i2c_eeprom_write_page
    i2c_eeprom.o(.text) refers to i2c_eeprom.o(retention_mem_area0) for retention_mem_area0
    hw_otpc_58x.o(.text) refers to hw_otpc_58x.o(.constdata) for .constdata
    hw_otpc_58x.o(.text) refers to hw_otpc_58x.o(.text) for hw_otpc_num_of_rr
    hw_otpc_58x.o(.text) refers to hw_otpc_58x.o(.text) for hw_otpc_manual_word_prog
    hw_otpc_58x.o(.text) refers to hw_otpc_58x.o(.text) for manual_prog_verify
    hw_otpc_58x.o(.text) refers to hw_otpc_58x.o(.text) for hw_otpc_write_rr
    hw_otpc_58x.o(.text) refers to hw_otpc_58x.o(.text) for hw_otpc_manual_read_on
    hw_otpc_58x.o(.text) refers to hw_otpc_58x.o(.text) for hw_otpc_manual_read_off
    hw_otpc_58x.o(.text) refers to hw_otpc_58x.o(.text) for hw_otpc_manual_word_prog
    hw_otpc_58x.o(.text) refers to hw_otpc_58x.o(.text) for wait_for_auto_done
    hw_otpc_58x.o(.text) refers to hw_otpc_58x.o(.text) for wait_for_auto_done
    hw_otpc_58x.o(.text) refers to hw_otpc_58x.o(.text) for wait_for_auto_done
    hw_otpc_58x.o(.text) refers to hw_otpc_58x.o(.text) for wait_for_auto_done
    hw_otpc_58x.o(.text) refers to hw_otpc_58x.o(.text) for hw_otpc_core_test
    hw_otpc_58x.o(.text) refers to hw_otpc_58x.o(.text) for hw_otpc_core_test
    hw_otpc_58x.o(.text) refers to hw_otpc_58x.o(.text) for hw_otpc_core_test
    trng.o(.text) refers to rf_585.o(.text) for rf_regs
    trng.o(.text) refers to trng.o(trng_buffer_area_zi) for trng_buffer_area_zi
    trng.o(.text) refers to trng.o(.bss) for .bss
    rf_585.o(.text) refers to arch_system.o(.text) for get_rc16m_count
    rf_585.o(.text) refers to rf_calibration.o(.text) for rf_calibration_585
    rf_585.o(.text) refers to arch_system.o(retention_mem_area0) for iq_trim_rf_mixer_ctrl1_reg
    rf_585.o(.text) refers to rf_585.o(retention_mem_area0) for retention_mem_area0
    rf_585.o(.text) refers to rf_585.o(retention_mem_area0) for retention_mem_area0
    rf_585.o(.text) refers to rf_585.o(retention_mem_area0) for retention_mem_area0
    rf_585.o(.text) refers to rf_585.o(retention_mem_area0) for retention_mem_area0
    rwble.o(.text) refers to arch_system.o(.text) for lld_sleep_lpcycles_2_us_sel_func
    rwble.o(.text) refers to syscntl.o(.text) for syscntl_use_highest_amba_clocks
    rwble.o(.text) refers to rwip.o(.text) for patched_ble_regs_pop
    rwble.o(.text) refers to user_periph_setup.o(.text) for periph_init
    rwble.o(.text) refers to adc_58x.o(.text) for adc_get_vbat_sample
    rwble.o(.text) refers to rwble.o(retention_mem_area0) for retention_mem_area0
    rwble.o(.text) refers to rwip.o(retention_mem_area0) for slp_period_retained
    rwble.o(.text) refers to rwip.o(retention_mem_area0) for sleep_lp_cycles
    rwble.o(.text) refers to rwble.o(.bss) for .bss
    rwble.o(.text) refers to arch_system.o(retention_mem_area0) for clk_freq_trim_reg_value
    rwip.o(.text) refers to arch_sleep.o(.text) for arch_ble_ext_wakeup_get
    rwip.o(.text) refers to arch_system.o(.text) for check_sys_startup_period
    rwip.o(.text) refers to syscntl.o(.text) for syscntl_use_lowest_amba_clocks
    rwip.o(.text) refers to rwip.o(retention_mem_area0) for retention_mem_area0
    rwip.o(.text) refers to rwble.o(retention_mem_area0) for twirq_set
    prf.o(.text) refers to suotar.o(.text) for suotar_prf_itf_get
    prf.o(.text) refers to diss.o(.text) for diss_prf_itf_get
    prf.o(.text) refers to proxr.o(.text) for proxr_prf_itf_get
    prf.o(.text) refers to bass.o(.text) for bass_prf_itf_get
    prf.o(.text) refers to prf.o(retention_mem_area0) for retention_mem_area0
    prf.o(.text) refers to prf.o(.text) for prf_itf_get
    prf.o(.text) refers to prf.o(retention_mem_area0) for retention_mem_area0
    diss.o(.text) refers to diss.o(.constdata) for .constdata
    diss.o(.text) refers to diss_task.o(.constdata) for diss_default_handler
    diss.o(.constdata) refers to diss.o(.text) for diss_init
    diss_task.o(.text) refers to prf.o(.text) for prf_env_get
    diss_task.o(.text) refers to diss.o(.text) for diss_value_to_handle
    diss_task.o(.constdata) refers to diss_task.o(.text) for diss_set_value_req_handler
    diss_task.o(.constdata) refers to diss_task.o(.constdata) for diss_default_state
    bass.o(.text) refers to prf.o(.text) for prf_env_get
    bass.o(.text) refers to bass.o(.constdata) for .constdata
    bass.o(.text) refers to bass_task.o(.constdata) for bass_default_handler
    bass.o(.constdata) refers to bass.o(.text) for bass_init
    bass_task.o(.text) refers to prf.o(.text) for prf_env_get
    bass_task.o(.text) refers to bass.o(.text) for bass_exe_operation
    bass_task.o(.text) refers to prf_utils.o(.text) for prf_pack_char_pres_fmt
    bass_task.o(.constdata) refers to bass_task.o(.text) for bass_enable_req_handler
    bass_task.o(.constdata) refers to bass_task.o(.constdata) for bass_default_state
    proxr.o(.text) refers to prf.o(.text) for prf_src_task_get
    proxr.o(.text) refers to proxr.o(.constdata) for .constdata
    proxr.o(.text) refers to proxr_task.o(.constdata) for proxr_default_handler
    proxr.o(.constdata) refers to proxr.o(.text) for proxr_init
    proxr_task.o(.text) refers to prf.o(.text) for prf_env_get
    proxr_task.o(.constdata) refers to proxr_task.o(.text) for gattc_write_req_ind_handler
    proxr_task.o(.constdata) refers to proxr_task.o(.constdata) for proxr_default_state
    suotar.o(.text) refers to suotar.o(.constdata) for .constdata
    suotar.o(.text) refers to suotar_task.o(.constdata) for suotar_default_handler
    suotar.o(.constdata) refers to suotar.o(.text) for suotar_init
    suotar_task.o(.text) refers to prf.o(.text) for prf_env_get
    suotar_task.o(.constdata) refers to suotar_task.o(.text) for gattc_read_req_ind_handler
    suotar_task.o(.constdata) refers to suotar_task.o(.constdata) for suotar_default_state
    app_default_handlers.o(.text) refers to app.o(.text) for app_easy_gap_undirected_advertise_with_timeout_start
    app_default_handlers.o(.text) refers to app_bass.o(.text) for app_batt_init
    app_default_handlers.o(.text) refers to app_diss.o(.text) for app_dis_init
    app_default_handlers.o(.text) refers to app_suotar.o(.text) for app_suotar_init
    app_default_handlers.o(.text) refers to arch_sleep.o(.text) for arch_set_sleep_mode
    app_default_handlers.o(.text) refers to app_easy_security.o(.text) for app_easy_security_send_pairing_rsp
    app_default_handlers.o(.text) refers to app_security.o(.text) for app_sec_gen_ltk
    app_default_handlers.o(.text) refers to app.o(retention_mem_area0) for app_env
    app_default_handlers.o(.text) refers to hw_otpc_58x.o(.text) for hw_otpc_manual_read_on
    app_default_handlers.o(.text) refers to hash.o(.text) for hash
    app_default_handlers.o(.text) refers to app_easy_security.o(.text) for app_easy_security_csrk_exch
    app_default_handlers.o(.text) refers to app_utils.o(.text) for app_get_address_type
    app_default_handlers.o(.text) refers to app_easy_security.o(.text) for app_easy_security_bdb_search_entry
    app_default_handlers.o(.text) refers to app_easy_security.o(.text) for app_easy_security_resolve_bdaddr
    app_default_handlers.o(.text) refers to app_easy_security.o(.text) for app_easy_security_reject_encryption
    app_default_handlers.o(.text) refers to app_easy_security.o(.text) for app_easy_security_accept_encryption
    app_default_handlers.o(.text) refers to app.o(retention_mem_area0) for app_env
    app_default_handlers.o(.text) refers to app_security.o(retention_mem_area0) for app_sec_env
    app_default_handlers.o(.text) refers to app_easy_security.o(.text) for app_easy_security_bdb_add_entry
    app_default_handlers.o(.text) refers to app_security.o(retention_mem_area0) for app_sec_env
    app_default_handlers.o(.text) refers to app_easy_security.o(.text) for app_easy_security_bdb_search_entry
    app_default_handlers.o(.text) refers to app_easy_security.o(.text) for app_easy_security_accept_encryption
    app_default_handlers.o(.text) refers to app_easy_security.o(.text) for app_easy_security_reject_encryption
    app_default_handlers.o(.text) refers to app_security.o(retention_mem_area0) for app_sec_env
    app_default_handlers.o(.text) refers to app_easy_security.o(.text) for app_easy_security_reject_encryption
    app_default_handlers.o(.constdata) refers to app_default_handlers.o(.text) for default_advertise_operation
    app.o(.text) refers to app_easy_timer.o(.text) for app_easy_timer_cancel
    app.o(.text) refers to app.o(.constdata) for .constdata
    app.o(.text) refers to app.o(retention_mem_area0) for retention_mem_area0
    app.o(.text) refers to app.o(.text) for append_device_name
    app.o(.text) refers to app.o(retention_mem_area0) for retention_mem_area0
    app.o(.text) refers to app.o(retention_mem_area0) for retention_mem_area0
    app.o(.text) refers to app.o(.constdata) for .constdata
    app.o(.text) refers to app.o(retention_mem_area0) for retention_mem_area0
    app.o(.text) refers to app.o(retention_mem_area0) for retention_mem_area0
    app.o(.text) refers to app.o(retention_mem_area0) for retention_mem_area0
    app.o(.text) refers to app.o(retention_mem_area0) for retention_mem_area0
    app.o(.text) refers to app.o(.text) for app_easy_gap_undirected_advertise_start_create_msg
    app.o(.text) refers to app.o(.text) for app_easy_gap_directed_advertise_start_create_msg
    app.o(.text) refers to app.o(.text) for app_easy_gap_directed_advertise_start_create_msg
    app.o(.text) refers to app.o(retention_mem_area0) for retention_mem_area0
    app.o(.text) refers to app.o(.text) for app_easy_gap_non_connectable_advertise_start_create_msg
    app.o(.text) refers to app.o(.text) for app_easy_gap_non_connectable_advertise_start_create_msg
    app.o(.text) refers to app.o(retention_mem_area0) for retention_mem_area0
    app.o(.text) refers to app.o(.text) for app_easy_gap_param_update_msg_create
    app.o(.text) refers to app.o(.text) for app_easy_gap_param_update_msg_create
    app.o(.text) refers to app.o(retention_mem_area0) for retention_mem_area0
    app.o(.text) refers to app.o(.text) for app_easy_gap_start_connection_to_msg_create
    app.o(.text) refers to app.o(.text) for app_easy_gap_start_connection_to_msg_create
    app.o(.text) refers to app.o(.text) for app_easy_gap_start_connection_to_msg_create
    app.o(.text) refers to app.o(retention_mem_area0) for retention_mem_area0
    app.o(.text) refers to app.o(.text) for app_easy_gap_dev_config_create_msg
    app.o(.text) refers to app.o(retention_mem_area0) for retention_mem_area0
    app.o(.constdata) refers to app_bass.o(.text) for app_bass_create_db
    app.o(.constdata) refers to app_diss.o(.text) for app_diss_create_db
    app.o(.constdata) refers to app_suotar.o(.text) for app_suotar_create_db
    app.o(.constdata) refers to app_task.o(.constdata) for app_default_handler
    app.o(.constdata) refers to app_task.o(retention_mem_area0) for app_state
    app_task.o(.text) refers to app.o(.text) for app_easy_gap_dev_configure
    app_task.o(.text) refers to app_default_handlers.o(.text) for default_app_on_set_dev_config_complete
    app_task.o(.text) refers to user_proxr.o(.text) for app_advertise_complete
    app_task.o(.text) refers to app_entry_point.o(.text) for app_std_process_event
    app_task.o(.text) refers to app.o(retention_mem_area0) for app_env
    app_task.o(.text) refers to app_security.o(retention_mem_area0) for app_sec_env
    app_task.o(.text) refers to app_task.o(.constdata) for .constdata
    app_task.o(.constdata) refers to app_default_handlers.o(.text) for default_app_on_connection
    app_task.o(.constdata) refers to user_proxr.o(.text) for user_app_on_disconnect
    app_task.o(.constdata) refers to app_default_handlers.o(.text) for default_app_generate_static_random_addr
    app_task.o(.constdata) refers to app_task.o(.text) for gapm_device_ready_ind_handler
    app_task.o(.constdata) refers to app_entry_point.o(.text) for app_entry_point_handler
    app_task.o(.constdata) refers to app_task.o(.constdata) for app_default_state
    app_security.o(.text) refers to app_utils.o(.text) for app_fill_random_byte_array
    app_security.o(.text) refers to app_security.o(retention_mem_area0) for retention_mem_area0
    app_security.o(.text) refers to app_utils.o(.text) for app_fill_random_byte_array
    app_security.o(.text) refers to app_security.o(retention_mem_area0) for retention_mem_area0
    app_security_task.o(.text) refers to app_default_handlers.o(.text) for default_app_on_pairing_request
    app_security_task.o(.text) refers to app.o(.text) for app_easy_gap_disconnect
    app_security_task.o(.text) refers to app_entry_point.o(.text) for app_std_process_event
    app_security_task.o(.text) refers to app.o(retention_mem_area0) for app_env
    app_security_task.o(.text) refers to app_security.o(retention_mem_area0) for app_sec_env
    app_security_task.o(.text) refers to app_security_task.o(.constdata) for .constdata
    app_security_task.o(.constdata) refers to app_default_handlers.o(.text) for default_app_on_connection
    app_security_task.o(.constdata) refers to user_proxr.o(.text) for user_app_on_disconnect
    app_security_task.o(.constdata) refers to app_default_handlers.o(.text) for default_app_generate_static_random_addr
    app_security_task.o(.constdata) refers to app_security_task.o(.text) for gapc_bond_req_ind_handler
    app_entry_point.o(.text) refers to app_entry_point.o(.constdata) for .constdata
    app_entry_point.o(.constdata) refers to app_task.o(.text) for app_gap_process_handler
    app_entry_point.o(.constdata) refers to app_easy_timer.o(.text) for app_timer_api_process_handler
    app_entry_point.o(.constdata) refers to app_easy_msg_utils.o(.text) for app_msg_utils_api_process_handler
    app_entry_point.o(.constdata) refers to app_security_task.o(.text) for app_sec_process_handler
    app_entry_point.o(.constdata) refers to app_diss_task.o(.text) for app_diss_process_handler
    app_entry_point.o(.constdata) refers to app_bass_task.o(.text) for app_bass_process_handler
    app_entry_point.o(.constdata) refers to app_suotar_task.o(.text) for app_suotar_process_handler
    app_msg_utils.o(.text) refers to app_msg_utils.o(.text) for app_check_BLE_active
    app_msg_utils.o(.text) refers to arch_sleep.o(.text) for arch_ble_force_wakeup
    app_easy_msg_utils.o(.text) refers to app_easy_msg_utils.o(.text) for app_easy_msg_find_idx
    app_easy_msg_utils.o(.text) refers to app_easy_msg_utils.o(retention_mem_area0) for retention_mem_area0
    app_easy_msg_utils.o(.text) refers to app_easy_msg_utils.o(retention_mem_area0) for retention_mem_area0
    app_easy_msg_utils.o(.text) refers to app_easy_msg_utils.o(.text) for app_easy_msg_free_callback
    app_easy_msg_utils.o(.text) refers to app_easy_msg_utils.o(retention_mem_area0) for retention_mem_area0
    app_easy_security.o(.text) refers to app_easy_security.o(retention_mem_area0) for retention_mem_area0
    app_easy_security.o(.text) refers to app_easy_security.o(.constdata) for .constdata
    app_easy_security.o(.text) refers to app_security.o(retention_mem_area0) for app_sec_env
    app_easy_security.o(.text) refers to app_easy_security.o(.text) for pairing_rsp_create_msg
    app_easy_security.o(.text) refers to app_easy_security.o(.text) for tk_exch_create_msg
    app_easy_security.o(.text) refers to app_security.o(.text) for app_sec_gen_csrk
    app_easy_security.o(.text) refers to app_easy_security.o(retention_mem_area0) for retention_mem_area0
    app_easy_security.o(.text) refers to app_security.o(retention_mem_area0) for app_sec_env
    app_easy_security.o(.text) refers to app_easy_security.o(.text) for csrk_exch_create_msg
    app_easy_security.o(.text) refers to app_easy_security.o(.text) for csrk_exch_create_msg
    app_easy_security.o(.text) refers to app_easy_security.o(retention_mem_area0) for retention_mem_area0
    app_easy_security.o(.text) refers to app_easy_security.o(.text) for ltk_exch_create_msg
    app_easy_security.o(.text) refers to app_easy_security.o(.text) for ltk_exch_create_msg
    app_easy_security.o(.text) refers to app_easy_security.o(retention_mem_area0) for retention_mem_area0
    app_easy_security.o(.text) refers to app_easy_security.o(.text) for encrypt_cfm_create_msg
    app_easy_security.o(.text) refers to app_easy_security.o(retention_mem_area0) for retention_mem_area0
    app_easy_security.o(.text) refers to app_easy_security.o(.text) for encrypt_cfm_create_msg
    app_easy_security.o(.text) refers to app_easy_security.o(.text) for encrypt_cfm_create_msg
    app_easy_security.o(.text) refers to app_security.o(retention_mem_area0) for app_sec_env
    app_easy_security.o(.text) refers to app_easy_security.o(.text) for encrypt_cfm_create_msg
    app_easy_security.o(.text) refers to app_easy_security.o(retention_mem_area0) for retention_mem_area0
    app_easy_security.o(.text) refers to app_easy_security.o(.text) for app_easy_security_request_get_active
    app_easy_security.o(.text) refers to app_easy_security.o(retention_mem_area0) for retention_mem_area0
    app_easy_security.o(.text) refers to app.o(.text) for app_easy_gap_confirm
    app_easy_security.o(.text) refers to app_easy_security.o(.text) for app_easy_security_set_encrypt_req_valid
    app_easy_security.o(.text) refers to app_easy_security.o(.text) for app_easy_security_encrypt_cfm
    app_easy_security.o(.text) refers to app_security.o(retention_mem_area0) for app_sec_env
    app_easy_security.o(.text) refers to app_easy_security.o(.text) for app_easy_security_set_encrypt_req_invalid
    app_easy_security.o(.text) refers to app_easy_security.o(.text) for app_easy_security_encrypt_cfm
    app_easy_security.o(.text) refers to app.o(.text) for app_easy_gap_disconnect
    app_easy_timer.o(.text) refers to app_msg_utils.o(.text) for app_check_BLE_active
    app_easy_timer.o(.text) refers to arch_sleep.o(.text) for arch_ble_force_wakeup
    app_easy_timer.o(.text) refers to app_easy_timer.o(.text) for timer_modified_handler
    app_easy_timer.o(.text) refers to app_easy_timer.o(retention_mem_area0) for retention_mem_area0
    app_easy_timer.o(.text) refers to app_easy_timer.o(.text) for timer_canceled_handler
    app_easy_timer.o(.text) refers to app_easy_timer.o(retention_mem_area0) for retention_mem_area0
    app_easy_timer.o(.text) refers to app_easy_timer.o(.text) for timer_modified_handler
    app_easy_timer.o(.text) refers to app_easy_timer.o(.text) for app_easy_timer_cancel
    app_easy_timer.o(.text) refers to app_easy_timer.o(retention_mem_area0) for retention_mem_area0
    app_easy_timer.o(.text) refers to app_easy_timer.o(.text) for timer_canceled_handler
    app_diss.o(.text) refers to app.o(.text) for get_user_prf_srv_perm
    app_diss_task.o(.text) refers to app_entry_point.o(.text) for app_std_process_event
    app_diss_task.o(.text) refers to app_diss_task.o(.constdata) for .constdata
    app_diss_task.o(.constdata) refers to app_diss_task.o(.text) for diss_value_req_ind_handler
    app_bass.o(.text) refers to app.o(.text) for get_user_prf_srv_perm
    app_bass.o(.text) refers to battery.o(.text) for battery_get_lvl
    app_bass.o(.text) refers to gpio.o(.text) for GPIO_SetActive
    app_bass.o(.text) refers to app_bass.o(retention_mem_area0) for retention_mem_area0
    app_bass.o(.text) refers to gpio.o(.text) for GPIO_SetInactive
    app_bass.o(.text) refers to app_bass.o(retention_mem_area0) for retention_mem_area0
    app_bass_task.o(.text) refers to app_bass.o(.text) for app_batt_lvl
    app_bass_task.o(.text) refers to app.o(.text) for app_timer_set
    app_bass_task.o(.text) refers to gpio.o(.text) for GPIO_SetInactive
    app_bass_task.o(.text) refers to app_entry_point.o(.text) for app_std_process_event
    app_bass_task.o(.text) refers to app_bass.o(retention_mem_area0) for bat_poll_timeout
    app_bass_task.o(.text) refers to app_bass_task.o(.constdata) for .constdata
    app_bass_task.o(.constdata) refers to app_bass_task.o(.text) for bass_enable_rsp_handler
    app_suotar.o(.text) refers to app.o(.text) for get_user_prf_srv_perm
    app_suotar.o(.text) refers to spi_58x.o(.text) for spi_disable
    app_suotar.o(.text) refers to user_proxr.o(.text) for on_suotar_status_change
    app_suotar.o(.text) refers to spi_flash.o(.text) for spi_flash_block_erase_no_wait
    app_suotar.o(.text) refers to gpio.o(.text) for GPIO_ConfigurePin
    app_suotar.o(.text) refers to app_suotar.o(retention_mem_area0) for retention_mem_area0
    app_suotar.o(.text) refers to gpio.o(retention_mem_area0) for GPIO
    app_suotar.o(.text) refers to app.o(retention_mem_area0) for app_env
    app_suotar.o(.constdata) refers to user_proxr.o(.text) for on_suotar_status_change
    app_suotar_task.o(.text) refers to app_suotar.o(.text) for app_suotar_img_hdlr
    app_suotar_task.o(.text) refers to app_entry_point.o(.text) for app_std_process_event
    app_suotar_task.o(.text) refers to app_suotar.o(retention_mem_area0) for suota_state
    app_suotar_task.o(.text) refers to app_suotar_task.o(.constdata) for .constdata
    app_suotar_task.o(.constdata) refers to app_suotar_task.o(.text) for suotar_patch_mem_dev_ind_handler
    app_bond_db.o(.text) refers to app_bond_db.o(.text) for bond_db_spi_flash_init
    app_bond_db.o(.text) refers to spi_flash.o(.text) for spi_flash_read_data
    app_bond_db.o(.text) refers to app_bond_db.o(.text) for bond_db_clear
    app_bond_db.o(.text) refers to app_bond_db.o(retention_mem_area0) for retention_mem_area0
    app_bond_db.o(.text) refers to app_bond_db.o(.text) for bond_db_store_ext
    app_bond_db.o(.text) refers to app_bond_db.o(retention_mem_area0) for retention_mem_area0
    app_bond_db.o(.text) refers to app_bond_db.o(.text) for bond_db_clear
    app_bond_db.o(.text) refers to app_bond_db.o(.text) for bond_db_store_ext
    app_bond_db.o(.text) refers to app_bond_db.o(retention_mem_area0) for retention_mem_area0
    app_bond_db.o(.text) refers to app_bond_db.o(retention_mem_area0) for retention_mem_area0
    app_bond_db.o(.text) refers to app_bond_db.o(retention_mem_area0) for retention_mem_area0
    app_bond_db.o(.text) refers to app_bond_db.o(retention_mem_area0) for retention_mem_area0
    app_bond_db.o(.text) refers to app_bond_db.o(retention_mem_area0) for retention_mem_area0
    app_bond_db.o(.text) refers to spi_flash.o(.text) for spi_flash_release_from_power_down
    app_bond_db.o(.text) refers to app_bond_db.o(.text) for bond_db_spi_flash_init
    app_bond_db.o(.text) refers to app_bond_db.o(.text) for bond_db_erase_flash_sectors
    app_bond_db.o(.text) refers to spi_flash.o(.text) for spi_flash_write_data
    app_bond_db.o(.text) refers to app_bond_db.o(retention_mem_area0) for retention_mem_area0
    app_bond_db.o(.text) refers to app_bond_db.o(.text) for bond_db_store_ext
    app_bond_db.o(.text) refers to app_bond_db.o(retention_mem_area0) for retention_mem_area0
    app_bond_db.o(.text) refers to spi_flash.o(.text) for spi_flash_block_erase_no_wait
    user_periph_setup.o(.text) refers to gpio.o(.text) for GPIO_ConfigurePin
    user_periph_setup.o(.text) refers to patch.o(.text) for patch_func
    user_periph_setup.o(.text) refers to spi_flash.o(.text) for spi_flash_configure_env
    user_periph_setup.o(.text) refers to spi_58x.o(.text) for spi_initialize
    user_periph_setup.o(.text) refers to user_proxr.o(.text) for app_button_enable
    user_periph_setup.o(.text) refers to app_bass.o(.text) for app_batt_port_reinit
    user_periph_setup.o(.text) refers to gpio.o(retention_mem_area0) for GPIO
    user_periph_setup.o(.text) refers to user_periph_setup.o(.constdata) for .constdata
    user_proxr.o(.text) refers to app_default_handlers.o(.text) for default_advertise_operation
    user_proxr.o(.text) refers to app_easy_msg_utils.o(.text) for app_easy_wakeup_set
    user_proxr.o(.text) refers to wkupct_quadec.o(.text) for wkupct_register_callback
    user_proxr.o(.text) refers to gpio.o(.text) for GPIO_GetPinStatus
    user_proxr.o(.text) refers to user_periph_setup.o(.text) for periph_init
    user_proxr.o(.text) refers to arch_sleep.o(.text) for arch_ble_ext_wakeup_get
    user_proxr.o(.text) refers to spi_flash.o(.text) for spi_flash_release_from_power_down
    user_proxr.o(.text) refers to app_bass.o(.text) for app_batt_poll_stop
    user_proxr.o(.text) refers to app_suotar.o(retention_mem_area0) for suota_state
    patch.o(.text) refers to patch.o(.constdata) for .constdata
    patch.o(.constdata) refers to patch.o(.text) for PATCHED_llcp_length_req_handler
    patch.o(.constdata) refers to smpc_util.o(.text) for PATCHED_smpc_dhkey_calc_start
    rf_calibration.o(.text) refers to pll_vcocal_lut.o(.text) for set_rf_cal_cap
    rf_calibration.o(.text) refers to pll_vcocal_lut.o(.constdata) for LUT_CFG
    rf_calibration.o(.text) refers to pll_vcocal_lut.o(.text) for set_rf_cal_cap
    rf_calibration.o(.text) refers to pll_vcocal_lut.o(.constdata) for LUT_CFG
    rf_calibration.o(.text) refers to rf_calibration.o(.text) for DCoffsetCalibration_580
    rf_calibration.o(.text) refers to rf_calibration.o(.text) for modulationGainCalibration_580
    pll_vcocal_lut.o(.text) refers to pll_vcocal_lut.o(.text) for MedianOfFive
    pll_vcocal_lut.o(.text) refers to pll_vcocal_lut.o(.constdata) for .constdata
    pll_vcocal_lut.o(.text) refers to pll_vcocal_lut.o(.text) for GPADC_init
    pll_vcocal_lut.o(.text) refers to pll_vcocal_lut.o(.constdata) for .constdata
    pll_vcocal_lut.o(.text) refers to pll_vcocal_lut.o(.text) for check_pll_lock
    pll_vcocal_lut.o(.text) refers to pll_vcocal_lut.o(retention_mem_area0) for retention_mem_area0
    pll_vcocal_lut.o(.text) refers to pll_vcocal_lut.o(.text) for check_pll_lock
    pll_vcocal_lut.o(.text) refers to pll_vcocal_lut.o(retention_mem_area0) for retention_mem_area0
    pll_vcocal_lut.o(.text) refers to pll_vcocal_lut.o(retention_mem_area0) for retention_mem_area0
    pll_vcocal_lut.o(.text) refers to pll_vcocal_lut.o(.text) for write_one_SW_LUT_entry
    pll_vcocal_lut.o(.text) refers to pll_vcocal_lut.o(.text) for write_HW_LUT
    pll_vcocal_lut.o(.text) refers to pll_vcocal_lut.o(.constdata) for .constdata
    pll_vcocal_lut.o(.text) refers to pll_vcocal_lut.o(retention_mem_area0) for retention_mem_area0
    pll_vcocal_lut.o(.text) refers to pll_vcocal_lut.o(.text) for clear_HW_LUT
    pll_vcocal_lut.o(.text) refers to pll_vcocal_lut.o(.constdata) for .constdata
    pll_vcocal_lut.o(.text) refers to arch_system.o(retention_mem_area0) for last_temp_count
    pll_vcocal_lut.o(.text) refers to pll_vcocal_lut.o(.text) for update_calcap_min_channel
    pll_vcocal_lut.o(.text) refers to pll_vcocal_lut.o(.text) for update_calcap_max_channel
    pll_vcocal_lut.o(.text) refers to pll_vcocal_lut.o(.constdata) for .constdata
    pll_vcocal_lut.o(.text) refers to pll_vcocal_lut.o(retention_mem_area0) for retention_mem_area0
    pll_vcocal_lut.o(.text) refers to pll_vcocal_lut.o(.text) for meas_precharge_freq
    pll_vcocal_lut.o(.text) refers to pll_vcocal_lut.o(.constdata) for .constdata
    pll_vcocal_lut.o(.text) refers to pll_vcocal_lut.o(retention_mem_area0) for retention_mem_area0
    pll_vcocal_lut.o(.text) refers to pll_vcocal_lut.o(.text) for save_configure_restore
    pll_vcocal_lut.o(.text) refers to pll_vcocal_lut.o(.text) for find_initial_calcap_ranges
    pll_vcocal_lut.o(.text) refers to pll_vcocal_lut.o(.text) for update_calcap_ranges
    pll_vcocal_lut.o(.text) refers to pll_vcocal_lut.o(.text) for update_LUT
    pll_vcocal_lut.o(.text) refers to pll_vcocal_lut.o(retention_mem_area0) for retention_mem_area0
    entry.o(.ARM.Collect$$$$00000000) refers (Special) to entry10a.o(.ARM.Collect$$$$0000000F) for __rt_final_cpp
    entry.o(.ARM.Collect$$$$00000000) refers (Special) to entry11a.o(.ARM.Collect$$$$00000011) for __rt_final_exit
    entry.o(.ARM.Collect$$$$00000000) refers (Special) to entry12b.o(.ARM.Collect$$$$0000000E) for __rt_lib_shutdown_fini
    entry.o(.ARM.Collect$$$$00000000) refers (Special) to entry7b.o(.ARM.Collect$$$$00000008) for _main_clock
    entry.o(.ARM.Collect$$$$00000000) refers (Special) to entry8b.o(.ARM.Collect$$$$0000000A) for _main_cpp_init
    entry.o(.ARM.Collect$$$$00000000) refers (Special) to entry9a.o(.ARM.Collect$$$$0000000B) for _main_init
    entry.o(.ARM.Collect$$$$00000000) refers (Special) to entry5.o(.ARM.Collect$$$$00000004) for _main_scatterload
    entry.o(.ARM.Collect$$$$00000000) refers (Special) to entry2.o(.ARM.Collect$$$$00000001) for _main_stk
    entry2.o(.ARM.Collect$$$$00000001) refers to entry2.o(.ARM.Collect$$$$00002712) for __lit__00000000
    entry2.o(.ARM.Collect$$$$00002712) refers to startup_da14585_586.o(STACK) for __initial_sp
    entry2.o(__vectab_stack_and_reset_area) refers to startup_da14585_586.o(STACK) for __initial_sp
    entry2.o(__vectab_stack_and_reset_area) refers to entry.o(.ARM.Collect$$$$00000000) for __main
    entry5.o(.ARM.Collect$$$$00000004) refers to init.o(.text) for __scatterload
    entry9a.o(.ARM.Collect$$$$0000000B) refers to arch_main.o(.text) for main
    entry9b.o(.ARM.Collect$$$$0000000C) refers to arch_main.o(.text) for main
    init.o(.text) refers to entry5.o(.ARM.Collect$$$$00000004) for __main_after_scatterload


==============================================================================

Removing Unused input sections from the image.

    Removing system_da14585_586.o(.text), (16 bytes).
    Removing system_da14585_586.o(.data), (4 bytes).
    Removing startup_da14585_586.o(HEAP), (256 bytes).
    Removing arch_main.o(.constdata), (28 bytes).
    Removing jump_table.o(.text), (2 bytes).
    Removing arch_sleep.o(.text), (160 bytes).
    Removing arch_sleep.o(.text), (32 bytes).
    Removing arch_sleep.o(.text), (80 bytes).
    Removing arch_sleep.o(.text), (36 bytes).
    Removing arch_sleep.o(.text), (12 bytes).
    Removing arch_system.o(.text), (2 bytes).
    Removing arch_system.o(.text), (2 bytes).
    Removing arch_system.o(.text), (28 bytes).
    Removing arch_system.o(.text), (36 bytes).
    Removing arch_system.o(.text), (2 bytes).
    Removing arch_system.o(.text), (28 bytes).
    Removing arch_system.o(.constdata), (28 bytes).
    Removing arch_system.o(retention_mem_area0), (8 bytes).
    Removing arch_system.o(retention_mem_area0), (8 bytes).
    Removing arch_system.o(retention_mem_area0), (8 bytes).
    Removing arch_system.o(retention_mem_area0), (8 bytes).
    Removing hash.o(.text), (76 bytes).
    Removing syscntl.o(.text), (24 bytes).
    Removing gpio.o(.text), (28 bytes).
    Removing gpio.o(.text), (88 bytes).
    Removing gpio.o(.text), (32 bytes).
    Removing gpio.o(.text), (288 bytes).
    Removing gpio.o(.text), (144 bytes).
    Removing gpio.o(.text), (36 bytes).
    Removing gpio.o(.text), (24 bytes).
    Removing gpio.o(.text), (180 bytes).
    Removing gpio.o(.text), (12 bytes).
    Removing gpio.o(.text), (16 bytes).
    Removing gpio.o(.text), (16 bytes).
    Removing wkupct_quadec.o(.text), (56 bytes).
    Removing wkupct_quadec.o(.text), (28 bytes).
    Removing wkupct_quadec.o(.text), (12 bytes).
    Removing wkupct_quadec.o(.text), (40 bytes).
    Removing wkupct_quadec.o(.text), (32 bytes).
    Removing wkupct_quadec.o(.text), (32 bytes).
    Removing wkupct_quadec.o(.text), (56 bytes).
    Removing battery.o(retention_mem_area0), (8 bytes).
    Removing adc_58x.o(.text), (28 bytes).
    Removing adc_58x.o(.text), (56 bytes).
    Removing adc_58x.o(.text), (44 bytes).
    Removing adc_58x.o(.text), (12 bytes).
    Removing uart.o(.text), (68 bytes).
    Removing uart.o(.text), (52 bytes).
    Removing uart.o(.text), (56 bytes).
    Removing uart.o(.text), (50 bytes).
    Removing uart.o(.text), (32 bytes).
    Removing uart.o(.text), (32 bytes).
    Removing uart.o(.text), (32 bytes).
    Removing uart.o(.text), (172 bytes).
    Removing uart.o(.text), (14 bytes).
    Removing uart.o(.text), (30 bytes).
    Removing uart.o(.text), (120 bytes).
    Removing uart.o(.text), (12 bytes).
    Removing uart.o(.text), (14 bytes).
    Removing uart.o(.text), (28 bytes).
    Removing uart.o(.text), (120 bytes).
    Removing uart.o(.text), (22 bytes).
    Removing uart.o(.text), (94 bytes).
    Removing uart.o(.text), (24 bytes).
    Removing uart.o(.text), (32 bytes).
    Removing spi_58x.o(.text), (56 bytes).
    Removing spi_58x.o(.text), (36 bytes).
    Removing spi_58x.o(.text), (40 bytes).
    Removing spi_58x.o(.text), (96 bytes).
    Removing spi_58x.o(.text), (104 bytes).
    Removing spi_58x.o(.text), (152 bytes).
    Removing spi_58x.o(.text), (28 bytes).
    Removing spi_flash.o(.text), (34 bytes).
    Removing spi_flash.o(.text), (24 bytes).
    Removing spi_flash.o(.text), (24 bytes).
    Removing spi_flash.o(.text), (10 bytes).
    Removing spi_flash.o(.text), (10 bytes).
    Removing spi_flash.o(.text), (46 bytes).
    Removing spi_flash.o(.text), (26 bytes).
    Removing spi_flash.o(.text), (40 bytes).
    Removing spi_flash.o(.text), (22 bytes).
    Removing spi_flash.o(.text), (8 bytes).
    Removing spi_flash.o(.text), (36 bytes).
    Removing spi_flash.o(.text), (52 bytes).
    Removing spi_flash.o(.text), (70 bytes).
    Removing spi_flash.o(.text), (44 bytes).
    Removing spi_flash.o(.text), (36 bytes).
    Removing spi_flash.o(.text), (16 bytes).
    Removing spi_flash.o(.text), (22 bytes).
    Removing spi_flash.o(.text), (82 bytes).
    Removing spi_flash.o(.text), (108 bytes).
    Removing spi_flash.o(.text), (88 bytes).
    Removing spi_flash.o(.text), (100 bytes).
    Removing spi_flash.o(.text), (22 bytes).
    Removing spi_flash.o(.text), (132 bytes).
    Removing spi_flash.o(.text), (68 bytes).
    Removing spi_flash.o(.text), (36 bytes).
    Removing spi_flash.o(.text), (40 bytes).
    Removing spi_flash.o(.text), (4 bytes).
    Removing spi_flash.o(.text), (2 bytes).
    Removing spi_flash.o(.text), (4 bytes).
    Removing i2c.o(.text), (48 bytes).
    Removing i2c.o(.text), (72 bytes).
    Removing i2c.o(.text), (216 bytes).
    Removing i2c.o(.text), (36 bytes).
    Removing i2c.o(.text), (100 bytes).
    Removing i2c.o(.text), (104 bytes).
    Removing i2c.o(.text), (20 bytes).
    Removing i2c.o(.text), (18 bytes).
    Removing i2c.o(.text), (36 bytes).
    Removing i2c.o(.text), (132 bytes).
    Removing i2c.o(.text), (60 bytes).
    Removing i2c.o(.text), (36 bytes).
    Removing i2c.o(.text), (112 bytes).
    Removing i2c.o(.text), (48 bytes).
    Removing i2c.o(.text), (40 bytes).
    Removing i2c.o(.text), (92 bytes).
    Removing i2c.o(.text), (92 bytes).
    Removing i2c.o(.text), (40 bytes).
    Removing i2c.o(.text), (144 bytes).
    Removing i2c.o(.text), (48 bytes).
    Removing i2c_eeprom.o(.text), (28 bytes).
    Removing i2c_eeprom.o(.text), (24 bytes).
    Removing i2c_eeprom.o(.text), (16 bytes).
    Removing i2c_eeprom.o(.text), (8 bytes).
    Removing i2c_eeprom.o(.text), (20 bytes).
    Removing i2c_eeprom.o(.text), (72 bytes).
    Removing i2c_eeprom.o(.text), (96 bytes).
    Removing i2c_eeprom.o(.text), (96 bytes).
    Removing i2c_eeprom.o(.text), (136 bytes).
    Removing i2c_eeprom.o(.text), (84 bytes).
    Removing i2c_eeprom.o(.text), (80 bytes).
    Removing i2c_eeprom.o(.text), (152 bytes).
    Removing i2c_eeprom.o(.text), (84 bytes).
    Removing i2c_eeprom.o(retention_mem_area0), (24 bytes).
    Removing hw_otpc_58x.o(.text), (60 bytes).
    Removing hw_otpc_58x.o(.text), (28 bytes).
    Removing hw_otpc_58x.o(.text), (92 bytes).
    Removing hw_otpc_58x.o(.text), (116 bytes).
    Removing hw_otpc_58x.o(.text), (196 bytes).
    Removing hw_otpc_58x.o(.text), (36 bytes).
    Removing hw_otpc_58x.o(.text), (208 bytes).
    Removing hw_otpc_58x.o(.text), (108 bytes).
    Removing hw_otpc_58x.o(.text), (96 bytes).
    Removing hw_otpc_58x.o(.text), (136 bytes).
    Removing hw_otpc_58x.o(.text), (148 bytes).
    Removing hw_otpc_58x.o(.text), (64 bytes).
    Removing hw_otpc_58x.o(.text), (44 bytes).
    Removing hw_otpc_58x.o(.text), (44 bytes).
    Removing hw_otpc_58x.o(.text), (10 bytes).
    Removing hw_otpc_58x.o(.text), (10 bytes).
    Removing hw_otpc_58x.o(.text), (10 bytes).
    Removing hw_otpc_58x.o(.text), (16 bytes).
    Removing hw_otpc_58x.o(.text), (116 bytes).
    Removing hw_otpc_58x.o(.constdata), (20 bytes).
    Removing rf_585.o(.text), (12 bytes).
    Removing rf_585.o(.text), (24 bytes).
    Removing rf_585.o(.text), (28 bytes).
    Removing prf.o(.text), (72 bytes).
    Removing prf_utils.o(.text), (32 bytes).
    Removing prf_utils.o(.text), (34 bytes).
    Removing suotar.o(.constdata), (29 bytes).
    Removing suotar.o(.constdata), (39 bytes).
    Removing suotar.o(.constdata), (48 bytes).
    Removing suotar.o(.constdata), (21 bytes).
    Removing suotar.o(.constdata), (23 bytes).
    Removing suotar.o(.constdata), (26 bytes).
    Removing app_default_handlers.o(.text), (48 bytes).
    Removing app_default_handlers.o(.text), (172 bytes).
    Removing app_default_handlers.o(.text), (8 bytes).
    Removing app_default_handlers.o(.text), (164 bytes).
    Removing app_default_handlers.o(.text), (28 bytes).
    Removing app_default_handlers.o(.text), (52 bytes).
    Removing app_default_handlers.o(.text), (8 bytes).
    Removing app_default_handlers.o(.text), (16 bytes).
    Removing app_default_handlers.o(.constdata), (12 bytes).
    Removing app_default_handlers.o(.constdata), (4 bytes).
    Removing app.o(.text), (212 bytes).
    Removing app.o(.text), (96 bytes).
    Removing app.o(.text), (72 bytes).
    Removing app.o(.text), (72 bytes).
    Removing app.o(.text), (80 bytes).
    Removing app.o(.text), (36 bytes).
    Removing app.o(.text), (52 bytes).
    Removing app.o(.text), (8 bytes).
    Removing app.o(.text), (8 bytes).
    Removing app.o(.text), (32 bytes).
    Removing app.o(.text), (8 bytes).
    Removing app.o(.text), (40 bytes).
    Removing app.o(.text), (8 bytes).
    Removing app.o(.text), (28 bytes).
    Removing app.o(.text), (8 bytes).
    Removing app.o(.text), (38 bytes).
    Removing app.o(.text), (24 bytes).
    Removing app.o(.text), (8 bytes).
    Removing app.o(.text), (32 bytes).
    Removing app.o(.text), (60 bytes).
    Removing app.o(.text), (44 bytes).
    Removing app.o(.text), (44 bytes).
    Removing app.o(.constdata), (42 bytes).
    Removing app.o(.constdata), (12 bytes).
    Removing app.o(.constdata), (74 bytes).
    Removing app_task.o(.constdata), (140 bytes).
    Removing app_security.o(.text), (28 bytes).
    Removing app_security.o(.text), (36 bytes).
    Removing app_security_task.o(.constdata), (140 bytes).
    Removing app_msg_utils.o(.text), (24 bytes).
    Removing app_easy_msg_utils.o(.text), (36 bytes).
    Removing app_easy_msg_utils.o(.text), (20 bytes).
    Removing app_easy_security.o(.text), (8 bytes).
    Removing app_easy_security.o(.text), (8 bytes).
    Removing app_easy_security.o(.text), (80 bytes).
    Removing app_easy_security.o(.text), (8 bytes).
    Removing app_easy_security.o(.text), (28 bytes).
    Removing app_easy_security.o(.text), (8 bytes).
    Removing app_easy_security.o(.text), (44 bytes).
    Removing app_easy_security.o(.text), (44 bytes).
    Removing app_easy_security.o(.text), (28 bytes).
    Removing app_easy_security.o(.text), (8 bytes).
    Removing app_easy_security.o(.text), (40 bytes).
    Removing app_easy_security.o(.text), (12 bytes).
    Removing app_easy_security.o(.text), (52 bytes).
    Removing app_easy_security.o(.text), (28 bytes).
    Removing app_easy_security.o(.text), (44 bytes).
    Removing app_easy_security.o(.text), (22 bytes).
    Removing app_easy_security.o(.text), (4 bytes).
    Removing app_easy_security.o(.text), (4 bytes).
    Removing app_easy_security.o(.text), (4 bytes).
    Removing app_easy_security.o(.text), (66 bytes).
    Removing app_easy_security.o(.text), (2 bytes).
    Removing app_easy_security.o(.text), (4 bytes).
    Removing app_easy_security.o(.text), (2 bytes).
    Removing app_easy_security.o(.text), (2 bytes).
    Removing app_easy_security.o(.text), (4 bytes).
    Removing app_easy_security.o(.text), (4 bytes).
    Removing app_easy_security.o(.text), (2 bytes).
    Removing app_easy_security.o(.constdata), (32 bytes).
    Removing app_easy_timer.o(.text), (116 bytes).
    Removing app_easy_timer.o(.text), (44 bytes).
    Removing app_bass.o(.text), (44 bytes).
    Removing app_bass_task.o(.constdata), (8 bytes).
    Removing app_suotar.o(.constdata), (4 bytes).
    Removing app_bond_db.o(.text), (72 bytes).
    Removing app_bond_db.o(.text), (4 bytes).
    Removing app_bond_db.o(.text), (176 bytes).
    Removing app_bond_db.o(.text), (216 bytes).
    Removing app_bond_db.o(.text), (116 bytes).
    Removing app_bond_db.o(.text), (40 bytes).
    Removing app_bond_db.o(.text), (56 bytes).
    Removing app_bond_db.o(.text), (72 bytes).
    Removing app_bond_db.o(.text), (20 bytes).
    Removing app_bond_db.o(.text), (44 bytes).
    Removing app_bond_db.o(.text), (52 bytes).
    Removing app_bond_db.o(.text), (120 bytes).
    Removing app_bond_db.o(retention_mem_area0), (644 bytes).
    Removing app_utils.o(.text), (58 bytes).
    Removing app_easy_whitelist.o(.text), (68 bytes).
    Removing pll_vcocal_lut.o(.text), (52 bytes).
    Removing pll_vcocal_lut.o(.text), (64 bytes).
    Removing pll_vcocal_lut.o(.text), (324 bytes).
    Removing pll_vcocal_lut.o(.text), (248 bytes).
    Removing pll_vcocal_lut.o(.text), (172 bytes).
    Removing pll_vcocal_lut.o(.text), (172 bytes).
    Removing pll_vcocal_lut.o(.text), (8 bytes).
    Removing pll_vcocal_lut.o(.text), (32 bytes).
    Removing pll_vcocal_lut.o(.text), (48 bytes).
    Removing pll_vcocal_lut.o(.text), (24 bytes).
    Removing pll_vcocal_lut.o(.text), (384 bytes).
    Removing pll_vcocal_lut.o(.text), (324 bytes).
    Removing pll_vcocal_lut.o(.text), (256 bytes).
    Removing pll_vcocal_lut.o(.text), (644 bytes).
    Removing pll_vcocal_lut.o(.text), (48 bytes).
    Removing arch_system.o(i.__ARM_common_ll_muluu), (48 bytes).
    Removing app_security_task.o(i.__ARM_common_switch8), (26 bytes).

274 unused section(s) (total 16748 bytes) removed from the image.
